==========================================================================================
2026-09-10 04:55:41  config: {"learning_rate": 0.001, "optimizer": "Adam", "dropout": 0.95, "weighted_loss": true, "use_rnn": true, "cell_type_rnn": "lstm", "num_layers_rnn": 1, "num_units_rnn": [4], "num_layers": 2, "hidden_dim": [64, 64], "cell_type_rnn_moment": "lstm", "num_layers_rnn_moment": 1, "num_units_rnn_moment": [32], "num_layers_moment": 0, "hidden_dim_moment": [], "num_condition_moment": 8, "num_epochs_unc": 256, "num_epochs_moment": 64, "num_epochs": 1024, "sub_epoch": 4, "individual_feature_dim": 46, "macro_feature_dim": 0, "ignore_epoch": 32, "print_freq": 64, "turnover_penalty": 0.0, "sdf_hinge": 0.0, "individual_feature_file": "datasets/char/Char_train.npz", "individual_feature_file_valid": "datasets/char/Char_valid.npz", "individual_feature_file_test": "datasets/char/Char_test.npz", "macro_feature_file": "datasets/macro/macro_train.npz", "macro_feature_file_valid": "datasets/macro/macro_valid.npz", "macro_feature_file_test": "datasets/macro/macro_test.npz"}
train  T= 240 months (196701–198612)  N=  3686 permnos  obs=  336113  avg stocks/month= 1400.5  chars=46  macro=0
valid  T=  60 months (198701–199112)  N=  3347 permnos  obs=  132167  avg stocks/month= 2202.8  chars=46  macro=0
test   T= 300 months (199201–201612)  N=  7141 permnos  obs=  750275  avg stocks/month= 2500.9  chars=46  macro=0

##### seed 0 #####
Stage 1: unconditional loss
[UNC] ep    0/256  loss tr/va/te 3.613e-01/1.368e+00/1.196e+00  SR(monthly) tr/va/te -0.157/-0.132/-0.230        0s
[UNC] ep   64/256  loss tr/va/te 5.612e-04/7.819e-03/2.044e-02  SR(monthly) tr/va/te -0.135/-0.172/-0.187        4s
[UNC] ep  128/256  loss tr/va/te 4.024e-04/5.928e-03/2.263e-02  SR(monthly) tr/va/te 0.015/-0.154/-0.128        9s
[UNC] ep  192/256  loss tr/va/te 4.349e-04/4.519e-03/2.098e-02  SR(monthly) tr/va/te 0.163/-0.108/-0.078       16s
[UNC] ep  255/256  loss tr/va/te 3.680e-04/4.038e-03/1.996e-02  SR(monthly) tr/va/te 0.279/-0.064/-0.048       23s
Stage 2: updating moment conditions (adversary)
   adversary conditional loss 7.329e-05  (unconditional was 3.998e-03)
Stage 3: conditional (GAN) loss
[GAN] ep    0/1024  loss tr/va/te 2.120e-02/5.795e-02/9.194e-03  SR(monthly) tr/va/te 0.167/0.084/0.249        0s
[GAN] ep   64/1024  loss tr/va/te 3.278e-04/2.597e-03/1.059e-02  SR(monthly) tr/va/te 0.572/0.065/0.048        9s
[GAN] ep  128/1024  loss tr/va/te 3.668e-04/1.685e-03/6.056e-03  SR(monthly) tr/va/te 0.772/0.218/0.146       18s
[GAN] ep  192/1024  loss tr/va/te 8.886e-05/2.169e-03/6.667e-03  SR(monthly) tr/va/te 1.074/0.257/0.148       27s
[GAN] ep  256/1024  loss tr/va/te 2.462e-04/1.272e-03/3.556e-03  SR(monthly) tr/va/te 1.044/0.378/0.247       36s
[GAN] ep  320/1024  loss tr/va/te 2.147e-04/1.257e-03/3.465e-03  SR(monthly) tr/va/te 1.132/0.419/0.266       44s
[GAN] ep  384/1024  loss tr/va/te 2.469e-04/1.161e-03/2.814e-03  SR(monthly) tr/va/te 1.154/0.461/0.300       53s
[GAN] ep  448/1024  loss tr/va/te 1.409e-04/1.354e-03/3.244e-03  SR(monthly) tr/va/te 1.330/0.476/0.294       62s
[GAN] ep  512/1024  loss tr/va/te 1.570e-04/1.260e-03/2.964e-03  SR(monthly) tr/va/te 1.341/0.504/0.308       71s
[GAN] ep  576/1024  loss tr/va/te 4.497e-04/7.492e-04/1.622e-03  SR(monthly) tr/va/te 1.104/0.620/0.412       80s
[GAN] ep  640/1024  loss tr/va/te 2.226e-04/9.414e-04/2.143e-03  SR(monthly) tr/va/te 1.322/0.587/0.370       89s
[GAN] ep  704/1024  loss tr/va/te 4.132e-05/1.744e-03/3.045e-03  SR(monthly) tr/va/te 1.682/0.485/0.300       98s
[GAN] ep  768/1024  loss tr/va/te 1.025e-04/1.269e-03/2.383e-03  SR(monthly) tr/va/te 1.587/0.581/0.359      107s
[GAN] ep  832/1024  loss tr/va/te 1.481e-04/1.035e-03/2.053e-03  SR(monthly) tr/va/te 1.532/0.634/0.390      116s
[GAN] ep  896/1024  loss tr/va/te 1.646e-05/1.815e-03/3.075e-03  SR(monthly) tr/va/te 1.917/0.527/0.315      124s
[GAN] ep  960/1024  loss tr/va/te 1.046e-04/1.109e-03/2.171e-03  SR(monthly) tr/va/te 1.686/0.653/0.387      133s
[GAN] ep 1023/1024  loss tr/va/te 9.005e-05/1.019e-03/1.941e-03  SR(monthly) tr/va/te 1.743/0.689/0.401      142s
best-valid-Sharpe epoch 1011: SR(monthly) tr/va/te = 1.480/0.772/0.456
seed 0 done in 173s

##### seed 1 #####
Stage 1: unconditional loss
[UNC] ep    0/256  loss tr/va/te 1.284e-02/1.696e-02/1.467e-02  SR(monthly) tr/va/te -0.008/-0.131/0.052        0s
[UNC] ep   64/256  loss tr/va/te 2.010e-04/6.333e-03/1.133e-02  SR(monthly) tr/va/te -0.185/-0.234/-0.152        7s
[UNC] ep  128/256  loss tr/va/te 1.205e-04/3.869e-03/1.004e-02  SR(monthly) tr/va/te 0.049/-0.151/-0.082       14s
[UNC] ep  192/256  loss tr/va/te 7.783e-05/3.981e-03/9.982e-03  SR(monthly) tr/va/te 0.208/-0.055/-0.050       20s
[UNC] ep  255/256  loss tr/va/te 5.883e-05/3.092e-03/8.321e-03  SR(monthly) tr/va/te 0.349/0.046/-0.016       27s
Stage 2: updating moment conditions (adversary)
   adversary conditional loss 6.257e-05  (unconditional was 2.336e-03)
Stage 3: conditional (GAN) loss
[GAN] ep    0/1024  loss tr/va/te 2.316e-02/6.423e-02/3.062e-02  SR(monthly) tr/va/te 0.152/0.129/0.216        0s
[GAN] ep   64/1024  loss tr/va/te 6.947e-05/1.937e-03/6.254e-03  SR(monthly) tr/va/te 0.512/0.178/0.031        9s
[GAN] ep  128/1024  loss tr/va/te 3.067e-05/2.337e-03/6.497e-03  SR(monthly) tr/va/te 0.742/0.287/0.057       18s
[GAN] ep  192/1024  loss tr/va/te 2.207e-05/2.079e-03/5.811e-03  SR(monthly) tr/va/te 0.921/0.409/0.087       27s
[GAN] ep  256/1024  loss tr/va/te 1.619e-05/2.538e-03/6.333e-03  SR(monthly) tr/va/te 1.097/0.454/0.108       36s
[GAN] ep  320/1024  loss tr/va/te 3.453e-05/1.537e-03/4.819e-03  SR(monthly) tr/va/te 1.191/0.603/0.157       45s
[GAN] ep  384/1024  loss tr/va/te 2.171e-05/1.705e-03/4.821e-03  SR(monthly) tr/va/te 1.304/0.604/0.172       54s
[GAN] ep  448/1024  loss tr/va/te 2.783e-04/5.806e-04/2.683e-03  SR(monthly) tr/va/te 1.062/0.843/0.253       63s
[GAN] ep  512/1024  loss tr/va/te 6.929e-05/1.041e-03/3.618e-03  SR(monthly) tr/va/te 1.348/0.748/0.223       72s
[GAN] ep  576/1024  loss tr/va/te 2.317e-05/1.468e-03/4.321e-03  SR(monthly) tr/va/te 1.501/0.701/0.210       81s
[GAN] ep  640/1024  loss tr/va/te 7.739e-06/2.122e-03/4.913e-03  SR(monthly) tr/va/te 1.633/0.623/0.200       90s
[GAN] ep  704/1024  loss tr/va/te 1.724e-05/1.459e-03/3.864e-03  SR(monthly) tr/va/te 1.647/0.719/0.237       99s
[GAN] ep  768/1024  loss tr/va/te 8.110e-06/2.127e-03/4.551e-03  SR(monthly) tr/va/te 1.752/0.640/0.219      108s
[GAN] ep  832/1024  loss tr/va/te 2.106e-05/2.528e-03/4.739e-03  SR(monthly) tr/va/te 1.764/0.598/0.214      116s
[GAN] ep  896/1024  loss tr/va/te 1.117e-05/1.514e-03/3.439e-03  SR(monthly) tr/va/te 1.817/0.737/0.270      125s
[GAN] ep  960/1024  loss tr/va/te 5.672e-06/1.733e-03/3.391e-03  SR(monthly) tr/va/te 1.916/0.710/0.278      134s
[GAN] ep 1023/1024  loss tr/va/te 5.274e-06/1.788e-03/3.518e-03  SR(monthly) tr/va/te 1.956/0.705/0.277      144s
best-valid-Sharpe epoch 761: SR(monthly) tr/va/te = 1.206/0.991/0.359
seed 1 done in 178s

##### seed 2 #####
Stage 1: unconditional loss
[UNC] ep    0/256  loss tr/va/te 1.389e-02/3.309e-02/4.790e-02  SR(monthly) tr/va/te 0.024/0.109/0.062        0s
[UNC] ep   64/256  loss tr/va/te 5.188e-05/4.716e-03/3.422e-03  SR(monthly) tr/va/te 0.484/0.221/-0.043        8s
[UNC] ep  128/256  loss tr/va/te 4.282e-05/5.515e-03/3.758e-03  SR(monthly) tr/va/te 0.748/0.315/0.010       15s
[UNC] ep  192/256  loss tr/va/te 1.054e-04/6.655e-03/4.972e-03  SR(monthly) tr/va/te 0.852/0.345/0.023       23s
[UNC] ep  255/256  loss tr/va/te 1.726e-05/3.768e-03/3.411e-03  SR(monthly) tr/va/te 1.059/0.492/0.091       31s
Stage 2: updating moment conditions (adversary)
   adversary conditional loss 7.420e-05  (unconditional was 2.632e-03)
Stage 3: conditional (GAN) loss
[GAN] ep    0/1024  loss tr/va/te 2.078e-02/4.699e-02/3.181e-02  SR(monthly) tr/va/te 0.249/0.305/0.265        0s
[GAN] ep   64/1024  loss tr/va/te 1.797e-05/3.908e-03/2.970e-03  SR(monthly) tr/va/te 1.045/0.469/0.094       10s
[GAN] ep  128/1024  loss tr/va/te 1.744e-05/3.876e-03/3.127e-03  SR(monthly) tr/va/te 1.130/0.501/0.111       20s
[GAN] ep  192/1024  loss tr/va/te 1.405e-05/3.608e-03/3.131e-03  SR(monthly) tr/va/te 1.236/0.548/0.142       30s
[GAN] ep  256/1024  loss tr/va/te 1.801e-05/3.970e-03/3.454e-03  SR(monthly) tr/va/te 1.311/0.539/0.147       40s
[GAN] ep  320/1024  loss tr/va/te 7.505e-05/1.748e-03/2.004e-03  SR(monthly) tr/va/te 1.280/0.763/0.238       50s
[GAN] ep  384/1024  loss tr/va/te 3.553e-05/3.918e-03/3.486e-03  SR(monthly) tr/va/te 1.428/0.573/0.179       58s
[GAN] ep  448/1024  loss tr/va/te 2.397e-04/6.286e-03/5.089e-03  SR(monthly) tr/va/te 1.154/0.460/0.137       66s
[GAN] ep  512/1024  loss tr/va/te 1.124e-04/4.701e-03/3.962e-03  SR(monthly) tr/va/te 1.385/0.542/0.179       73s
[GAN] ep  576/1024  loss tr/va/te 7.621e-06/2.441e-03/2.225e-03  SR(monthly) tr/va/te 1.649/0.713/0.260       81s
[GAN] ep  640/1024  loss tr/va/te 9.209e-06/2.651e-03/2.252e-03  SR(monthly) tr/va/te 1.716/0.697/0.268       88s
[GAN] ep  704/1024  loss tr/va/te 2.358e-05/3.007e-03/2.470e-03  SR(monthly) tr/va/te 1.738/0.666/0.258       96s
[GAN] ep  768/1024  loss tr/va/te 1.453e-05/2.866e-03/2.286e-03  SR(monthly) tr/va/te 1.817/0.682/0.277      104s
[GAN] ep  832/1024  loss tr/va/te 1.889e-05/2.890e-03/2.400e-03  SR(monthly) tr/va/te 1.856/0.690/0.279      111s
[GAN] ep  896/1024  loss tr/va/te 1.259e-05/2.625e-03/2.208e-03  SR(monthly) tr/va/te 1.915/0.722/0.302      119s
[GAN] ep  960/1024  loss tr/va/te 5.216e-06/2.153e-03/1.882e-03  SR(monthly) tr/va/te 1.977/0.779/0.333      127s
[GAN] ep 1023/1024  loss tr/va/te 1.156e-05/2.542e-03/1.982e-03  SR(monthly) tr/va/te 2.012/0.737/0.331      134s
best-valid-Sharpe epoch 887: SR(monthly) tr/va/te = 1.533/1.084/0.421
seed 2 done in 173s

##### seed 3 #####
Stage 1: unconditional loss
[UNC] ep    0/256  loss tr/va/te 4.607e-03/2.032e-03/2.492e-03  SR(monthly) tr/va/te 0.159/0.099/0.278        0s
[UNC] ep   64/256  loss tr/va/te 4.234e-04/1.750e-03/3.580e-03  SR(monthly) tr/va/te 0.227/0.161/0.165        6s
[UNC] ep  128/256  loss tr/va/te 4.463e-04/1.720e-03/2.624e-03  SR(monthly) tr/va/te 0.388/0.302/0.284       12s
[UNC] ep  192/256  loss tr/va/te 3.381e-04/1.578e-03/2.605e-03  SR(monthly) tr/va/te 0.526/0.394/0.337       18s
[UNC] ep  255/256  loss tr/va/te 2.902e-04/1.351e-03/2.328e-03  SR(monthly) tr/va/te 0.634/0.480/0.386       24s
Stage 2: updating moment conditions (adversary)
   adversary conditional loss 3.228e-05  (unconditional was 1.351e-03)
Stage 3: conditional (GAN) loss
[GAN] ep    0/1024  loss tr/va/te 7.774e-03/3.672e-02/3.996e-02  SR(monthly) tr/va/te 0.075/0.035/-0.039        0s
[GAN] ep   64/1024  loss tr/va/te 1.705e-04/9.097e-04/1.799e-03  SR(monthly) tr/va/te 0.868/0.652/0.455        9s
[GAN] ep  128/1024  loss tr/va/te 6.154e-04/1.553e-03/5.986e-04  SR(monthly) tr/va/te 0.802/0.715/0.647       17s
[GAN] ep  192/1024  loss tr/va/te 4.477e-04/1.041e-03/6.956e-04  SR(monthly) tr/va/te 0.959/0.848/0.639       25s
[GAN] ep  256/1024  loss tr/va/te 4.147e-04/8.053e-04/6.891e-04  SR(monthly) tr/va/te 1.028/0.932/0.633       34s
[GAN] ep  320/1024  loss tr/va/te 3.720e-04/6.097e-04/8.047e-04  SR(monthly) tr/va/te 1.122/1.023/0.615       41s
[GAN] ep  384/1024  loss tr/va/te 3.015e-04/4.961e-04/8.458e-04  SR(monthly) tr/va/te 1.209/1.077/0.601       48s
[GAN] ep  448/1024  loss tr/va/te 1.435e-04/4.050e-04/1.254e-03  SR(monthly) tr/va/te 1.441/1.115/0.534       55s
[GAN] ep  512/1024  loss tr/va/te 6.858e-05/4.628e-04/1.560e-03  SR(monthly) tr/va/te 1.640/1.120/0.496       62s
[GAN] ep  576/1024  loss tr/va/te 1.440e-04/3.522e-04/1.211e-03  SR(monthly) tr/va/te 1.523/1.223/0.542       69s
[GAN] ep  640/1024  loss tr/va/te 2.548e-04/3.519e-04/9.243e-04  SR(monthly) tr/va/te 1.377/1.230/0.586       76s
[GAN] ep  704/1024  loss tr/va/te 1.865e-04/3.278e-04/9.675e-04  SR(monthly) tr/va/te 1.497/1.257/0.581       83s
[GAN] ep  768/1024  loss tr/va/te 6.364e-05/4.749e-04/1.544e-03  SR(monthly) tr/va/te 1.814/1.177/0.503       90s
[GAN] ep  832/1024  loss tr/va/te 9.355e-05/3.953e-04/1.274e-03  SR(monthly) tr/va/te 1.762/1.246/0.538       97s
[GAN] ep  896/1024  loss tr/va/te 7.600e-05/3.927e-04/1.265e-03  SR(monthly) tr/va/te 1.829/1.255/0.537      104s
[GAN] ep  960/1024  loss tr/va/te 1.475e-04/2.933e-04/9.675e-04  SR(monthly) tr/va/te 1.671/1.345/0.588      111s
[GAN] ep 1023/1024  loss tr/va/te 1.625e-04/2.765e-04/9.078e-04  SR(monthly) tr/va/te 1.664/1.372/0.602      118s
best-valid-Sharpe epoch 976: SR(monthly) tr/va/te = 1.515/1.378/0.630
seed 3 done in 148s

##### seed 4 #####
Stage 1: unconditional loss
[UNC] ep    0/256  loss tr/va/te 3.228e-02/1.889e-01/1.670e-01  SR(monthly) tr/va/te -0.255/-0.228/-0.285        0s
[UNC] ep   64/256  loss tr/va/te 1.349e-04/5.891e-03/1.149e-02  SR(monthly) tr/va/te 0.171/-0.111/-0.081        5s
[UNC] ep  128/256  loss tr/va/te 1.239e-04/4.621e-03/7.800e-03  SR(monthly) tr/va/te 0.475/0.030/-0.005       11s
[UNC] ep  192/256  loss tr/va/te 1.183e-04/3.248e-03/5.751e-03  SR(monthly) tr/va/te 0.664/0.145/0.055       16s
[UNC] ep  255/256  loss tr/va/te 9.074e-05/2.503e-03/4.911e-03  SR(monthly) tr/va/te 0.815/0.238/0.099       22s
Stage 2: updating moment conditions (adversary)
   adversary conditional loss 4.825e-05  (unconditional was 2.070e-03)
Stage 3: conditional (GAN) loss
[GAN] ep    0/1024  loss tr/va/te 1.865e-02/4.743e-02/2.204e-02  SR(monthly) tr/va/te 0.238/0.197/0.288        0s
[GAN] ep   64/1024  loss tr/va/te 5.213e-05/2.064e-03/4.773e-03  SR(monthly) tr/va/te 0.943/0.323/0.134        8s
[GAN] ep  128/1024  loss tr/va/te 2.550e-05/1.673e-03/4.177e-03  SR(monthly) tr/va/te 1.100/0.434/0.178       16s
[GAN] ep  192/1024  loss tr/va/te 1.301e-05/1.665e-03/4.043e-03  SR(monthly) tr/va/te 1.226/0.502/0.203       23s
[GAN] ep  256/1024  loss tr/va/te 9.670e-05/5.875e-04/1.880e-03  SR(monthly) tr/va/te 1.213/0.749/0.334       31s
[GAN] ep  320/1024  loss tr/va/te 2.970e-05/6.660e-04/2.011e-03  SR(monthly) tr/va/te 1.379/0.788/0.335       39s
[GAN] ep  384/1024  loss tr/va/te 1.188e-04/3.998e-04/1.279e-03  SR(monthly) tr/va/te 1.313/0.937/0.419       45s
[GAN] ep  448/1024  loss tr/va/te 8.208e-05/3.474e-04/1.206e-03  SR(monthly) tr/va/te 1.426/1.021/0.442       51s
[GAN] ep  512/1024  loss tr/va/te 5.165e-05/1.254e-03/2.775e-03  SR(monthly) tr/va/te 1.552/0.776/0.312       58s
[GAN] ep  576/1024  loss tr/va/te 6.935e-06/5.367e-04/1.628e-03  SR(monthly) tr/va/te 1.720/1.038/0.413       64s
[GAN] ep  640/1024  loss tr/va/te 1.411e-05/3.491e-04/1.286e-03  SR(monthly) tr/va/te 1.746/1.152/0.456       70s
[GAN] ep  704/1024  loss tr/va/te 6.734e-06/4.554e-04/1.435e-03  SR(monthly) tr/va/te 1.829/1.118/0.444       76s
[GAN] ep  768/1024  loss tr/va/te 1.273e-05/3.171e-04/1.169e-03  SR(monthly) tr/va/te 1.843/1.210/0.483       82s
[GAN] ep  832/1024  loss tr/va/te 1.394e-05/2.854e-04/1.074e-03  SR(monthly) tr/va/te 1.888/1.278/0.506       89s
[GAN] ep  896/1024  loss tr/va/te 2.388e-05/2.370e-04/9.329e-04  SR(monthly) tr/va/te 1.900/1.319/0.531       95s
[GAN] ep  960/1024  loss tr/va/te 6.359e-06/3.533e-04/1.329e-03  SR(monthly) tr/va/te 2.031/1.247/0.480      101s
[GAN] ep 1023/1024  loss tr/va/te 4.963e-06/2.857e-04/1.179e-03  SR(monthly) tr/va/te 2.074/1.311/0.502      107s
best-valid-Sharpe epoch 941: SR(monthly) tr/va/te = 1.837/1.389/0.584
seed 4 done in 135s

##### seed 5 #####
Stage 1: unconditional loss
[UNC] ep    0/256  loss tr/va/te 3.743e-02/8.509e-02/8.161e-02  SR(monthly) tr/va/te -0.100/-0.032/-0.155        0s
[UNC] ep   64/256  loss tr/va/te 1.027e-04/1.387e-03/8.791e-04  SR(monthly) tr/va/te 0.266/0.418/0.299        5s
[UNC] ep  128/256  loss tr/va/te 6.233e-05/1.250e-03/8.486e-04  SR(monthly) tr/va/te 0.504/0.447/0.330       10s
[UNC] ep  192/256  loss tr/va/te 3.412e-05/1.344e-03/7.131e-04  SR(monthly) tr/va/te 0.680/0.466/0.380       14s
[UNC] ep  255/256  loss tr/va/te 4.415e-05/1.568e-03/8.716e-04  SR(monthly) tr/va/te 0.794/0.456/0.367       19s
Stage 2: updating moment conditions (adversary)
   adversary conditional loss 6.112e-05  (unconditional was 1.123e-03)
Stage 3: conditional (GAN) loss
[GAN] ep    0/1024  loss tr/va/te 1.388e-02/4.459e-02/3.528e-02  SR(monthly) tr/va/te -0.012/0.012/-0.084        0s
[GAN] ep   64/1024  loss tr/va/te 3.432e-05/1.284e-03/6.956e-04  SR(monthly) tr/va/te 0.737/0.466/0.411        6s
[GAN] ep  128/1024  loss tr/va/te 2.444e-05/9.431e-04/4.305e-04  SR(monthly) tr/va/te 1.010/0.592/0.533       13s
[GAN] ep  192/1024  loss tr/va/te 1.603e-05/8.568e-04/4.652e-04  SR(monthly) tr/va/te 1.207/0.642/0.541       19s
[GAN] ep  256/1024  loss tr/va/te 1.167e-05/7.245e-04/4.397e-04  SR(monthly) tr/va/te 1.357/0.716/0.579       25s
[GAN] ep  320/1024  loss tr/va/te 1.919e-05/6.337e-04/3.981e-04  SR(monthly) tr/va/te 1.444/0.766/0.605       31s
[GAN] ep  384/1024  loss tr/va/te 2.815e-05/7.298e-04/7.306e-04  SR(monthly) tr/va/te 1.533/0.751/0.525       37s
[GAN] ep  448/1024  loss tr/va/te 1.860e-05/6.705e-04/7.861e-04  SR(monthly) tr/va/te 1.633/0.786/0.529       44s
[GAN] ep  512/1024  loss tr/va/te 7.108e-06/5.628e-04/7.460e-04  SR(monthly) tr/va/te 1.732/0.832/0.547       50s
[GAN] ep  576/1024  loss tr/va/te 9.046e-06/5.115e-04/6.702e-04  SR(monthly) tr/va/te 1.779/0.851/0.557       55s
[GAN] ep  640/1024  loss tr/va/te 8.983e-06/4.595e-04/6.473e-04  SR(monthly) tr/va/te 1.851/0.885/0.573       62s
[GAN] ep  704/1024  loss tr/va/te 8.692e-06/5.499e-04/8.912e-04  SR(monthly) tr/va/te 1.917/0.873/0.536       69s
[GAN] ep  768/1024  loss tr/va/te 3.306e-05/7.766e-04/1.275e-03  SR(monthly) tr/va/te 1.895/0.806/0.470       77s
[GAN] ep  832/1024  loss tr/va/te 2.424e-05/7.011e-04/1.191e-03  SR(monthly) tr/va/te 1.971/0.836/0.491       83s
[GAN] ep  896/1024  loss tr/va/te 1.389e-05/6.419e-04/1.124e-03  SR(monthly) tr/va/te 2.056/0.845/0.497       89s
[GAN] ep  960/1024  loss tr/va/te 4.764e-06/5.045e-04/8.781e-04  SR(monthly) tr/va/te 2.123/0.903/0.546       94s
[GAN] ep 1023/1024  loss tr/va/te 4.008e-05/8.182e-04/1.395e-03  SR(monthly) tr/va/te 2.019/0.816/0.467       98s
best-valid-Sharpe epoch 813: SR(monthly) tr/va/te = 1.910/0.933/0.606
seed 5 done in 122s

##### seed 6 #####
Stage 1: unconditional loss
[UNC] ep    0/256  loss tr/va/te 6.371e-02/2.068e-01/1.730e-01  SR(monthly) tr/va/te -0.016/0.089/0.065        0s
[UNC] ep   64/256  loss tr/va/te 2.685e-04/1.390e-03/6.618e-03  SR(monthly) tr/va/te 0.127/0.170/-0.176        4s
[UNC] ep  128/256  loss tr/va/te 1.492e-04/1.246e-03/5.885e-03  SR(monthly) tr/va/te 0.385/0.301/-0.111        8s
[UNC] ep  192/256  loss tr/va/te 3.197e-04/1.078e-03/3.784e-03  SR(monthly) tr/va/te 0.505/0.406/-0.053       11s
[UNC] ep  255/256  loss tr/va/te 1.507e-04/9.911e-04/4.298e-03  SR(monthly) tr/va/te 0.648/0.455/-0.039       15s
Stage 2: updating moment conditions (adversary)
   adversary conditional loss 4.121e-05  (unconditional was 9.911e-04)
Stage 3: conditional (GAN) loss
[GAN] ep    0/1024  loss tr/va/te 1.986e-02/8.247e-02/8.266e-02  SR(monthly) tr/va/te 0.017/-0.019/-0.173        0s
[GAN] ep   64/1024  loss tr/va/te 1.210e-04/9.331e-04/3.413e-03  SR(monthly) tr/va/te 0.789/0.521/0.016        5s
[GAN] ep  128/1024  loss tr/va/te 5.115e-05/8.631e-04/3.988e-03  SR(monthly) tr/va/te 0.962/0.587/0.046       10s
[GAN] ep  192/1024  loss tr/va/te 1.583e-05/1.098e-03/5.412e-03  SR(monthly) tr/va/te 1.089/0.588/0.039       15s
[GAN] ep  256/1024  loss tr/va/te 1.862e-04/9.544e-04/2.843e-03  SR(monthly) tr/va/te 1.018/0.678/0.124       20s
[GAN] ep  320/1024  loss tr/va/te 9.041e-05/7.780e-04/3.592e-03  SR(monthly) tr/va/te 1.163/0.713/0.114       25s
[GAN] ep  384/1024  loss tr/va/te 1.101e-05/1.134e-03/5.478e-03  SR(monthly) tr/va/te 1.355/0.677/0.089       30s
[GAN] ep  448/1024  loss tr/va/te 3.079e-05/7.868e-04/4.130e-03  SR(monthly) tr/va/te 1.370/0.754/0.127       34s
[GAN] ep  512/1024  loss tr/va/te 3.154e-05/7.570e-04/3.836e-03  SR(monthly) tr/va/te 1.440/0.778/0.152       39s
[GAN] ep  576/1024  loss tr/va/te 1.136e-04/7.062e-04/3.097e-03  SR(monthly) tr/va/te 1.354/0.803/0.192       44s
[GAN] ep  640/1024  loss tr/va/te 3.406e-05/7.106e-04/3.434e-03  SR(monthly) tr/va/te 1.542/0.807/0.183       49s
[GAN] ep  704/1024  loss tr/va/te 9.366e-05/6.277e-04/2.676e-03  SR(monthly) tr/va/te 1.484/0.857/0.236       54s
[GAN] ep  768/1024  loss tr/va/te 3.218e-05/6.534e-04/2.867e-03  SR(monthly) tr/va/te 1.655/0.849/0.227       59s
[GAN] ep  832/1024  loss tr/va/te 6.716e-06/8.208e-04/3.431e-03  SR(monthly) tr/va/te 1.790/0.816/0.201       64s
[GAN] ep  896/1024  loss tr/va/te 7.835e-05/5.489e-04/1.957e-03  SR(monthly) tr/va/te 1.618/0.923/0.299       69s
[GAN] ep  960/1024  loss tr/va/te 1.077e-05/6.072e-04/2.551e-03  SR(monthly) tr/va/te 1.864/0.905/0.259       74s
[GAN] ep 1023/1024  loss tr/va/te 3.850e-05/5.193e-04/2.044e-03  SR(monthly) tr/va/te 1.799/0.947/0.302       79s
best-valid-Sharpe epoch 1003: SR(monthly) tr/va/te = 1.625/0.966/0.345
seed 6 done in 97s

##### seed 7 #####
Stage 1: unconditional loss
[UNC] ep    0/256  loss tr/va/te 2.478e-02/1.167e-01/7.803e-02  SR(monthly) tr/va/te 0.171/0.179/0.184        0s
[UNC] ep   64/256  loss tr/va/te 4.655e-04/3.040e-03/2.513e-03  SR(monthly) tr/va/te 0.249/0.216/0.120        4s
[UNC] ep  128/256  loss tr/va/te 3.985e-04/2.473e-03/1.753e-03  SR(monthly) tr/va/te 0.305/0.199/0.151        8s
[UNC] ep  192/256  loss tr/va/te 3.605e-04/2.032e-03/1.314e-03  SR(monthly) tr/va/te 0.359/0.209/0.179       11s
[UNC] ep  255/256  loss tr/va/te 4.263e-04/1.991e-03/1.124e-03  SR(monthly) tr/va/te 0.382/0.217/0.191       15s
Stage 2: updating moment conditions (adversary)
   adversary conditional loss 4.427e-05  (unconditional was 1.681e-03)
Stage 3: conditional (GAN) loss
[GAN] ep    0/1024  loss tr/va/te 8.169e-03/2.958e-02/2.851e-02  SR(monthly) tr/va/te 0.252/0.195/0.259        0s
[GAN] ep   64/1024  loss tr/va/te 4.612e-04/1.758e-03/8.153e-04  SR(monthly) tr/va/te 0.493/0.295/0.264        5s
[GAN] ep  128/1024  loss tr/va/te 4.058e-04/1.351e-03/5.926e-04  SR(monthly) tr/va/te 0.673/0.435/0.394       10s
[GAN] ep  192/1024  loss tr/va/te 3.420e-04/1.088e-03/4.721e-04  SR(monthly) tr/va/te 0.825/0.539/0.471       15s
[GAN] ep  256/1024  loss tr/va/te 2.393e-04/8.222e-04/4.167e-04  SR(monthly) tr/va/te 1.014/0.644/0.540       20s
[GAN] ep  320/1024  loss tr/va/te 2.228e-04/8.110e-04/4.696e-04  SR(monthly) tr/va/te 1.113/0.690/0.551       25s
[GAN] ep  384/1024  loss tr/va/te 3.488e-04/1.225e-03/7.760e-04  SR(monthly) tr/va/te 1.031/0.648/0.500       30s
[GAN] ep  448/1024  loss tr/va/te 3.663e-04/1.327e-03/9.324e-04  SR(monthly) tr/va/te 1.051/0.646/0.476       34s
[GAN] ep  512/1024  loss tr/va/te 1.604e-04/7.898e-04/6.303e-04  SR(monthly) tr/va/te 1.365/0.755/0.544       39s
[GAN] ep  576/1024  loss tr/va/te 1.017e-04/6.055e-04/5.590e-04  SR(monthly) tr/va/te 1.528/0.804/0.563       44s
[GAN] ep  640/1024  loss tr/va/te 5.241e-04/2.063e-03/1.760e-03  SR(monthly) tr/va/te 0.994/0.581/0.385       49s
[GAN] ep  704/1024  loss tr/va/te 1.565e-04/8.971e-04/9.543e-04  SR(monthly) tr/va/te 1.472/0.758/0.497       54s
[GAN] ep  768/1024  loss tr/va/te 2.557e-04/1.346e-03/1.412e-03  SR(monthly) tr/va/te 1.318/0.686/0.438       59s
[GAN] ep  832/1024  loss tr/va/te 1.729e-04/1.123e-03/1.249e-03  SR(monthly) tr/va/te 1.491/0.730/0.462       64s
[GAN] ep  896/1024  loss tr/va/te 2.964e-04/1.693e-03/1.787e-03  SR(monthly) tr/va/te 1.285/0.639/0.399       69s
[GAN] ep  960/1024  loss tr/va/te 2.241e-04/1.523e-03/1.623e-03  SR(monthly) tr/va/te 1.425/0.668/0.420       74s
[GAN] ep 1023/1024  loss tr/va/te 1.261e-04/1.074e-03/1.302e-03  SR(monthly) tr/va/te 1.679/0.751/0.463       79s
best-valid-Sharpe epoch 969: SR(monthly) tr/va/te = 1.966/0.880/0.562
seed 7 done in 97s

##### seed 8 #####
Stage 1: unconditional loss
[UNC] ep    0/256  loss tr/va/te 2.931e-02/9.283e-02/8.499e-02  SR(monthly) tr/va/te -0.011/-0.002/-0.089        0s
[UNC] ep   64/256  loss tr/va/te 9.222e-05/1.813e-03/1.337e-03  SR(monthly) tr/va/te 0.454/0.578/0.342        4s
[UNC] ep  128/256  loss tr/va/te 1.611e-04/2.242e-03/1.175e-03  SR(monthly) tr/va/te 0.608/0.598/0.421        8s
[UNC] ep  192/256  loss tr/va/te 3.180e-05/1.083e-03/5.287e-04  SR(monthly) tr/va/te 0.822/0.807/0.561       11s
[UNC] ep  255/256  loss tr/va/te 2.902e-05/9.436e-04/5.451e-04  SR(monthly) tr/va/te 0.929/0.879/0.588       15s
Stage 2: updating moment conditions (adversary)
   adversary conditional loss 1.220e-04  (unconditional was 7.225e-04)
Stage 3: conditional (GAN) loss
[GAN] ep    0/1024  loss tr/va/te 1.403e-02/4.661e-02/3.532e-02  SR(monthly) tr/va/te 0.262/0.309/0.357        0s
[GAN] ep   64/1024  loss tr/va/te 1.807e-05/7.170e-04/4.686e-04  SR(monthly) tr/va/te 1.009/0.981/0.648        5s
[GAN] ep  128/1024  loss tr/va/te 2.652e-05/7.449e-04/5.620e-04  SR(monthly) tr/va/te 1.101/1.013/0.631       10s
[GAN] ep  192/1024  loss tr/va/te 3.501e-05/8.529e-04/6.511e-04  SR(monthly) tr/va/te 1.207/1.023/0.645       15s
[GAN] ep  256/1024  loss tr/va/te 9.858e-05/1.134e-03/7.630e-04  SR(monthly) tr/va/te 1.199/0.966/0.605       20s
[GAN] ep  320/1024  loss tr/va/te 3.499e-05/7.497e-04/7.346e-04  SR(monthly) tr/va/te 1.374/1.081/0.633       25s
[GAN] ep  384/1024  loss tr/va/te 9.675e-05/1.123e-03/8.607e-04  SR(monthly) tr/va/te 1.328/0.972/0.577       29s
[GAN] ep  448/1024  loss tr/va/te 4.980e-05/7.337e-04/7.694e-04  SR(monthly) tr/va/te 1.460/1.101/0.600       34s
[GAN] ep  512/1024  loss tr/va/te 1.835e-05/5.136e-04/7.542e-04  SR(monthly) tr/va/te 1.594/1.201/0.615       39s
[GAN] ep  576/1024  loss tr/va/te 1.776e-04/1.303e-03/1.079e-03  SR(monthly) tr/va/te 1.317/0.951/0.536       44s
[GAN] ep  640/1024  loss tr/va/te 7.135e-06/3.097e-04/7.493e-04  SR(monthly) tr/va/te 1.724/1.330/0.637       49s
[GAN] ep  704/1024  loss tr/va/te 1.293e-05/2.450e-04/7.321e-04  SR(monthly) tr/va/te 1.736/1.385/0.658       54s
[GAN] ep  768/1024  loss tr/va/te 8.187e-05/9.065e-04/9.621e-04  SR(monthly) tr/va/te 1.616/1.071/0.551       59s
[GAN] ep  832/1024  loss tr/va/te 7.632e-05/7.808e-04/9.502e-04  SR(monthly) tr/va/te 1.657/1.124/0.552       64s
[GAN] ep  896/1024  loss tr/va/te 2.869e-05/5.381e-04/8.415e-04  SR(monthly) tr/va/te 1.831/1.222/0.574       69s
[GAN] ep  960/1024  loss tr/va/te 1.480e-05/4.111e-04/7.533e-04  SR(monthly) tr/va/te 1.910/1.277/0.595       74s
[GAN] ep 1023/1024  loss tr/va/te 1.924e-05/4.295e-04/7.704e-04  SR(monthly) tr/va/te 1.933/1.277/0.592       79s
best-valid-Sharpe epoch 906: SR(monthly) tr/va/te = 1.757/1.422/0.657
seed 8 done in 97s

##### ensemble evaluation #####
train  SR monthly 1.755  annual 6.08  EV 0.010  XS-R2 0.026  turnover 0.98  net SR@50bps 3.87
valid  SR monthly 1.490  annual 5.16  EV 0.003  XS-R2 0.006  turnover 0.97  net SR@50bps 2.48
test   SR monthly 0.620  annual 2.15  EV 0.004  XS-R2 0.006  turnover 0.96  net SR@50bps 0.62
fitting beta network on SDF factor ...
   beta net seed 0: best valid MSE 0.0087
   beta net seed 1: best valid MSE 0.0087
   beta net seed 2: best valid MSE 0.0087
   beta net seed 3: best valid MSE 0.0087
   beta net seed 4: best valid MSE 0.0087
   beta net seed 5: best valid MSE 0.0087
   beta net seed 6: best valid MSE 0.0087
   beta net seed 7: best valid MSE 0.0087
   beta net seed 8: best valid MSE 0.0087
train  beta-net  EV 0.241  XS-R2 0.013  weighted XS-R2 0.177  decile spread 5.16%/mo
valid  beta-net  EV 0.118  XS-R2 0.058  weighted XS-R2 0.038  decile spread 3.97%/mo
test   beta-net  EV 0.101  XS-R2 0.059  weighted XS-R2 0.258  decile spread 3.28%/mo

results written to output/gan_nomacro/results.json
