Stage 1: unconditional loss
[UNC] ep    0/256  loss tr/va/te 4.683e-02/1.139e-01/4.806e-02  SR(monthly) tr/va/te -0.020/-0.073/0.035        1s
[UNC] ep  128/256  loss tr/va/te 4.060e-03/1.130e-02/4.715e-03  SR(monthly) tr/va/te 0.324/0.058/0.161       19s
[UNC] ep  255/256  loss tr/va/te 3.822e-03/1.197e-02/5.025e-03  SR(monthly) tr/va/te 0.355/0.034/0.114       37s
Stage 2: updating moment conditions (adversary)
   adversary conditional loss 3.941e-03  (unconditional was 1.104e-02)
Stage 3: conditional (GAN) loss
[GAN] ep    0/1024  loss tr/va/te 4.314e-03/1.108e-02/4.712e-03  SR(monthly) tr/va/te 0.270/0.075/0.112        0s
[GAN] ep  128/1024  loss tr/va/te 3.873e-03/1.148e-02/4.880e-03  SR(monthly) tr/va/te 0.345/0.080/0.130       19s
[GAN] ep  256/1024  loss tr/va/te 3.726e-03/1.168e-02/4.998e-03  SR(monthly) tr/va/te 0.378/0.066/0.113       38s
[GAN] ep  384/1024  loss tr/va/te 3.310e-03/1.106e-02/5.132e-03  SR(monthly) tr/va/te 0.446/0.184/0.138       56s
[GAN] ep  512/1024  loss tr/va/te 2.967e-03/1.083e-02/4.662e-03  SR(monthly) tr/va/te 0.636/0.358/0.333       75s
[GAN] ep  640/1024  loss tr/va/te 2.389e-03/1.142e-02/4.650e-03  SR(monthly) tr/va/te 0.786/0.365/0.362       94s
[GAN] ep  768/1024  loss tr/va/te 2.184e-03/1.141e-02/4.565e-03  SR(monthly) tr/va/te 0.860/0.373/0.389      112s
[GAN] ep  896/1024  loss tr/va/te 2.237e-03/1.189e-02/4.599e-03  SR(monthly) tr/va/te 0.874/0.325/0.361      131s
[GAN] ep 1023/1024  loss tr/va/te 1.870e-03/1.220e-02/4.715e-03  SR(monthly) tr/va/te 0.963/0.331/0.376      150s
best-valid-Sharpe epoch 612: SR(monthly) tr/va/te = 0.753/0.399/0.394
seed 0: 190s
Stage 1: unconditional loss
[UNC] ep    0/256  loss tr/va/te 1.352e-02/3.090e-02/1.602e-02  SR(monthly) tr/va/te -0.074/-0.085/-0.105        0s
[UNC] ep  128/256  loss tr/va/te 4.087e-03/1.049e-02/4.542e-03  SR(monthly) tr/va/te 0.309/0.182/0.222       19s
[UNC] ep  255/256  loss tr/va/te 3.814e-03/1.052e-02/4.634e-03  SR(monthly) tr/va/te 0.370/0.206/0.226       37s
Stage 2: updating moment conditions (adversary)
   adversary conditional loss 3.531e-03  (unconditional was 1.031e-02)
Stage 3: conditional (GAN) loss
[GAN] ep    0/1024  loss tr/va/te 4.181e-03/1.081e-02/4.845e-03  SR(monthly) tr/va/te 0.303/0.200/0.188        0s
[GAN] ep  128/1024  loss tr/va/te 3.746e-03/1.053e-02/4.550e-03  SR(monthly) tr/va/te 0.399/0.204/0.241       19s
[GAN] ep  256/1024  loss tr/va/te 3.095e-03/9.464e-03/4.107e-03  SR(monthly) tr/va/te 0.582/0.401/0.399       38s
[GAN] ep  384/1024  loss tr/va/te 2.848e-03/9.226e-03/4.015e-03  SR(monthly) tr/va/te 0.649/0.442/0.435       56s
[GAN] ep  512/1024  loss tr/va/te 2.655e-03/9.313e-03/3.685e-03  SR(monthly) tr/va/te 0.728/0.463/0.528       75s
[GAN] ep  640/1024  loss tr/va/te 2.533e-03/9.630e-03/3.988e-03  SR(monthly) tr/va/te 0.721/0.435/0.453       94s
[GAN] ep  768/1024  loss tr/va/te 2.447e-03/9.726e-03/4.084e-03  SR(monthly) tr/va/te 0.747/0.448/0.452      118s
[GAN] ep  896/1024  loss tr/va/te 2.283e-03/9.355e-03/3.824e-03  SR(monthly) tr/va/te 0.837/0.466/0.496      143s
[GAN] ep 1023/1024  loss tr/va/te 2.079e-03/9.902e-03/4.050e-03  SR(monthly) tr/va/te 0.884/0.435/0.473      160s
best-valid-Sharpe epoch 973: SR(monthly) tr/va/te = 0.854/0.512/0.553
seed 1: 198s
Stage 1: unconditional loss
[UNC] ep    0/256  loss tr/va/te 3.620e-02/7.814e-02/3.505e-02  SR(monthly) tr/va/te -0.017/0.012/-0.067        0s
[UNC] ep  128/256  loss tr/va/te 3.639e-03/1.006e-02/4.459e-03  SR(monthly) tr/va/te 0.484/0.402/0.326       16s
[UNC] ep  255/256  loss tr/va/te 2.850e-03/1.032e-02/4.060e-03  SR(monthly) tr/va/te 0.703/0.494/0.453       32s
Stage 2: updating moment conditions (adversary)
   adversary conditional loss 2.727e-03  (unconditional was 8.813e-03)
Stage 3: conditional (GAN) loss
[GAN] ep    0/1024  loss tr/va/te 3.311e-03/9.158e-03/3.629e-03  SR(monthly) tr/va/te 0.613/0.511/0.520        0s
[GAN] ep  128/1024  loss tr/va/te 2.641e-03/9.701e-03/3.684e-03  SR(monthly) tr/va/te 0.781/0.537/0.519       16s
[GAN] ep  256/1024  loss tr/va/te 2.264e-03/9.911e-03/3.696e-03  SR(monthly) tr/va/te 0.829/0.541/0.522       35s
[GAN] ep  384/1024  loss tr/va/te 1.848e-03/1.124e-02/3.910e-03  SR(monthly) tr/va/te 0.944/0.536/0.546       52s
[GAN] ep  512/1024  loss tr/va/te 1.568e-03/1.191e-02/4.020e-03  SR(monthly) tr/va/te 1.021/0.463/0.492       67s
[GAN] ep  640/1024  loss tr/va/te 1.425e-03/1.216e-02/4.186e-03  SR(monthly) tr/va/te 1.083/0.451/0.486       82s
[GAN] ep  768/1024  loss tr/va/te 1.118e-03/1.367e-02/4.430e-03  SR(monthly) tr/va/te 1.217/0.376/0.437       97s
[GAN] ep  896/1024  loss tr/va/te 1.004e-03/1.519e-02/4.695e-03  SR(monthly) tr/va/te 1.305/0.371/0.430      111s
[GAN] ep 1023/1024  loss tr/va/te 9.000e-04/1.504e-02/4.620e-03  SR(monthly) tr/va/te 1.414/0.363/0.425      126s
best-valid-Sharpe epoch 280: SR(monthly) tr/va/te = 0.882/0.615/0.591
seed 2: 159s

=== Table II replication, setup 2 (3 GAN seeds, data seed 0) ===
model                    SR tr   SR va   SR te   EV tr   EV va   EV te   XS tr   XS va   XS te
Population                0.97    0.93    0.97    0.17    0.15    0.17    0.18    0.11    0.20
  paper                   0.89    0.92    0.86    0.18    0.18    0.17    0.19    0.20    0.15
GAN                       0.84    0.52    0.58    0.08    0.07    0.08    0.11    0.06    0.11
  paper                   0.79    0.77    0.64    0.18    0.18    0.17    0.19    0.20    0.15
GAN (w as loading)        0.84    0.52    0.58    0.02    0.02    0.02    0.03    0.03    0.01
FFN                       0.06    0.11    0.02    0.16    0.14    0.16    0.18    0.11    0.20
  paper                   0.05   -0.05    0.06    0.02    0.01    0.02    0.01    0.01    0.02
LS                        0.06    0.11    0.02    0.17    0.15    0.17    0.18    0.11    0.20
  paper                   0.12   -0.05    0.10    0.16    0.16    0.15    0.15    0.18    0.14
|corr(LSTM state, true h)| by unit: [0.5  0.36 0.45 0.85]
