Stage 1: unconditional loss
[UNC] ep    0/256  loss tr/va/te 2.621e-02/5.325e-02/2.175e-02  SR(monthly) tr/va/te -0.068/-0.035/0.123        1s
[UNC] ep  128/256  loss tr/va/te 1.988e-03/7.351e-03/2.931e-03  SR(monthly) tr/va/te 0.990/0.765/0.880       15s
[UNC] ep  255/256  loss tr/va/te 1.804e-03/7.462e-03/2.830e-03  SR(monthly) tr/va/te 1.029/0.789/0.909       29s
Stage 2: updating moment conditions (adversary)
   adversary conditional loss 7.875e-04  (unconditional was 6.954e-03)
Stage 3: conditional (GAN) loss
[GAN] ep    0/1024  loss tr/va/te 2.654e-03/7.897e-03/3.406e-03  SR(monthly) tr/va/te 0.734/0.693/0.697        0s
[GAN] ep  128/1024  loss tr/va/te 2.126e-03/6.853e-03/2.645e-03  SR(monthly) tr/va/te 1.007/0.834/0.949       14s
[GAN] ep  256/1024  loss tr/va/te 2.142e-03/7.124e-03/2.745e-03  SR(monthly) tr/va/te 1.014/0.789/0.915       29s
[GAN] ep  384/1024  loss tr/va/te 2.012e-03/7.052e-03/2.687e-03  SR(monthly) tr/va/te 1.056/0.818/0.935       43s
[GAN] ep  512/1024  loss tr/va/te 1.944e-03/7.293e-03/2.840e-03  SR(monthly) tr/va/te 1.106/0.771/0.889       58s
[GAN] ep  640/1024  loss tr/va/te 1.845e-03/7.367e-03/2.799e-03  SR(monthly) tr/va/te 1.132/0.784/0.899       72s
[GAN] ep  768/1024  loss tr/va/te 1.811e-03/7.700e-03/2.929e-03  SR(monthly) tr/va/te 1.162/0.736/0.858       87s
[GAN] ep  896/1024  loss tr/va/te 1.732e-03/7.835e-03/2.955e-03  SR(monthly) tr/va/te 1.182/0.747/0.863      101s
[GAN] ep 1023/1024  loss tr/va/te 1.697e-03/7.914e-03/3.069e-03  SR(monthly) tr/va/te 1.210/0.754/0.850      116s
best-valid-Sharpe epoch 20: SR(monthly) tr/va/te = 0.952/0.881/0.950
seed 0: 147s
Stage 1: unconditional loss
[UNC] ep    0/256  loss tr/va/te 1.197e-02/3.020e-02/1.174e-02  SR(monthly) tr/va/te 0.519/0.406/0.566        0s
[UNC] ep  128/256  loss tr/va/te 2.023e-03/7.817e-03/2.770e-03  SR(monthly) tr/va/te 0.998/0.763/0.964       15s
[UNC] ep  255/256  loss tr/va/te 1.900e-03/8.158e-03/3.054e-03  SR(monthly) tr/va/te 1.015/0.644/0.869       29s
Stage 2: updating moment conditions (adversary)
   adversary conditional loss 7.213e-04  (unconditional was 7.377e-03)
Stage 3: conditional (GAN) loss
[GAN] ep    0/1024  loss tr/va/te 2.524e-03/8.215e-03/2.997e-03  SR(monthly) tr/va/te 0.986/0.836/0.985        0s
[GAN] ep  128/1024  loss tr/va/te 2.037e-03/7.009e-03/2.648e-03  SR(monthly) tr/va/te 1.040/0.843/0.989       15s
[GAN] ep  256/1024  loss tr/va/te 1.912e-03/7.196e-03/2.748e-03  SR(monthly) tr/va/te 1.088/0.775/0.952       29s
[GAN] ep  384/1024  loss tr/va/te 1.819e-03/7.286e-03/2.748e-03  SR(monthly) tr/va/te 1.103/0.771/0.936       43s
[GAN] ep  512/1024  loss tr/va/te 1.760e-03/7.481e-03/2.833e-03  SR(monthly) tr/va/te 1.143/0.745/0.910       58s
[GAN] ep  640/1024  loss tr/va/te 1.699e-03/7.859e-03/2.902e-03  SR(monthly) tr/va/te 1.164/0.750/0.907       72s
[GAN] ep  768/1024  loss tr/va/te 1.595e-03/7.972e-03/3.018e-03  SR(monthly) tr/va/te 1.198/0.708/0.859       87s
[GAN] ep  896/1024  loss tr/va/te 1.542e-03/8.283e-03/3.128e-03  SR(monthly) tr/va/te 1.236/0.710/0.854      101s
[GAN] ep 1023/1024  loss tr/va/te 1.471e-03/8.315e-03/3.171e-03  SR(monthly) tr/va/te 1.287/0.691/0.831      116s
best-valid-Sharpe epoch 55: SR(monthly) tr/va/te = 1.016/0.866/1.004
seed 1: 146s
Stage 1: unconditional loss
[UNC] ep    0/256  loss tr/va/te 9.509e-03/2.163e-02/9.508e-03  SR(monthly) tr/va/te 0.477/0.408/0.548        0s
[UNC] ep  128/256  loss tr/va/te 1.864e-03/7.703e-03/2.877e-03  SR(monthly) tr/va/te 1.004/0.718/0.876       15s
[UNC] ep  255/256  loss tr/va/te 1.722e-03/8.217e-03/2.928e-03  SR(monthly) tr/va/te 1.050/0.702/0.877       29s
Stage 2: updating moment conditions (adversary)
   adversary conditional loss 5.955e-04  (unconditional was 7.510e-03)
Stage 3: conditional (GAN) loss
[GAN] ep    0/1024  loss tr/va/te 1.942e-03/7.444e-03/2.745e-03  SR(monthly) tr/va/te 0.990/0.750/0.902        0s
[GAN] ep  128/1024  loss tr/va/te 2.020e-03/7.247e-03/2.704e-03  SR(monthly) tr/va/te 1.054/0.827/0.946       19s
[GAN] ep  256/1024  loss tr/va/te 1.969e-03/7.630e-03/2.741e-03  SR(monthly) tr/va/te 1.093/0.815/0.958       38s
[GAN] ep  384/1024  loss tr/va/te 1.906e-03/7.648e-03/2.749e-03  SR(monthly) tr/va/te 1.113/0.812/0.943       55s
[GAN] ep  512/1024  loss tr/va/te 1.816e-03/7.565e-03/2.810e-03  SR(monthly) tr/va/te 1.140/0.798/0.913       67s
[GAN] ep  640/1024  loss tr/va/te 1.914e-03/7.900e-03/2.897e-03  SR(monthly) tr/va/te 1.150/0.833/0.928       80s
[GAN] ep  768/1024  loss tr/va/te 1.747e-03/7.592e-03/2.909e-03  SR(monthly) tr/va/te 1.170/0.809/0.883       92s
[GAN] ep  896/1024  loss tr/va/te 1.738e-03/7.589e-03/2.958e-03  SR(monthly) tr/va/te 1.187/0.811/0.881      104s
[GAN] ep 1023/1024  loss tr/va/te 1.769e-03/8.334e-03/3.061e-03  SR(monthly) tr/va/te 1.223/0.803/0.905      116s
best-valid-Sharpe epoch 279: SR(monthly) tr/va/te = 1.073/0.842/0.959
seed 2: 146s

=== Table II replication, setup 1 (3 GAN seeds, data seed 0) ===
model                    SR tr   SR va   SR te   EV tr   EV va   EV te   XS tr   XS va   XS te
Population                0.96    0.92    1.02    0.17    0.15    0.17    0.14    0.12    0.13
  paper                   0.96    1.09    0.94    0.16    0.15    0.17    0.17    0.15    0.17
GAN                       1.05    0.88    0.98    0.17    0.15    0.17    0.13    0.12    0.12
  paper                   0.98    1.11    0.94    0.12    0.11    0.13    0.10    0.09    0.07
GAN (w as loading)        1.05    0.88    0.98    0.04    0.03    0.04   -0.86   -0.12   -0.72
FFN                       0.97    0.92    1.02    0.17    0.15    0.17    0.13    0.12    0.13
  paper                   0.94    1.04    0.89    0.05    0.04    0.05   -0.30   -0.09   -0.33
LS                        0.12    0.04   -0.09    0.00    0.00    0.00    0.01    0.01   -0.00
  paper                   0.07   -0.10    0.01    0.00    0.00    0.00    0.00    0.01    0.01
