==========================================================================================
2026-09-10 04:08:28  config: {"learning_rate": 0.001, "optimizer": "Adam", "dropout": 0.95, "weighted_loss": true, "use_rnn": true, "cell_type_rnn": "lstm", "num_layers_rnn": 1, "num_units_rnn": [4], "num_layers": 2, "hidden_dim": [64, 64], "cell_type_rnn_moment": "lstm", "num_layers_rnn_moment": 1, "num_units_rnn_moment": [32], "num_layers_moment": 0, "hidden_dim_moment": [], "num_condition_moment": 8, "num_epochs_unc": 256, "num_epochs_moment": 64, "num_epochs": 1024, "sub_epoch": 4, "individual_feature_dim": 46, "macro_feature_dim": 178, "ignore_epoch": 64, "print_freq": 64, "turnover_penalty": 0.002, "sdf_hinge": 0.0, "individual_feature_file": "datasets/char/Char_train.npz", "individual_feature_file_valid": "datasets/char/Char_valid.npz", "individual_feature_file_test": "datasets/char/Char_test.npz", "macro_feature_file": "datasets/macro/macro_train.npz", "macro_feature_file_valid": "datasets/macro/macro_valid.npz", "macro_feature_file_test": "datasets/macro/macro_test.npz"}
train  T= 240 months (196701–198612)  N=  3686 permnos  obs=  336113  avg stocks/month= 1400.5  chars=46  macro=178
valid  T=  60 months (198701–199112)  N=  3347 permnos  obs=  132167  avg stocks/month= 2202.8  chars=46  macro=178
test   T= 300 months (199201–201612)  N=  7141 permnos  obs=  750275  avg stocks/month= 2500.9  chars=46  macro=178

##### seed 0 #####
Stage 1: unconditional loss
[UNC] ep    0/256  loss tr/va/te 1.330e-03/6.826e-03/2.923e-03  SR(monthly) tr/va/te 0.061/-0.034/-0.058        1s
[UNC] ep   64/256  loss tr/va/te 1.101e-04/1.047e-03/2.206e-03  SR(monthly) tr/va/te 0.419/0.106/0.203       10s
[UNC] ep  128/256  loss tr/va/te 7.190e-05/1.916e-03/6.729e-03  SR(monthly) tr/va/te 0.430/-0.028/0.051       19s
[UNC] ep  192/256  loss tr/va/te 6.002e-05/2.310e-03/8.486e-03  SR(monthly) tr/va/te 0.409/-0.080/0.019       28s
[UNC] ep  255/256  loss tr/va/te 5.107e-05/2.274e-03/8.257e-03  SR(monthly) tr/va/te 0.438/-0.075/0.020       37s
Stage 2: updating moment conditions (adversary)
   adversary conditional loss 2.050e-04  (unconditional was 1.049e-03)
Stage 3: conditional (GAN) loss
[GAN] ep    0/1024  loss tr/va/te 2.966e-04/1.548e-03/1.530e-03  SR(monthly) tr/va/te 0.438/0.150/0.270        0s
[GAN] ep   64/1024  loss tr/va/te 1.129e-04/2.125e-03/1.099e-02  SR(monthly) tr/va/te 0.481/0.023/0.048        9s
[GAN] ep  128/1024  loss tr/va/te 9.435e-05/2.714e-03/1.337e-02  SR(monthly) tr/va/te 0.436/-0.024/0.020       19s
[GAN] ep  192/1024  loss tr/va/te 8.272e-05/2.745e-03/1.310e-02  SR(monthly) tr/va/te 0.422/-0.035/0.014       28s
[GAN] ep  256/1024  loss tr/va/te 7.574e-05/2.610e-03/1.231e-02  SR(monthly) tr/va/te 0.420/-0.025/0.014       38s
[GAN] ep  320/1024  loss tr/va/te 7.157e-05/2.568e-03/1.133e-02  SR(monthly) tr/va/te 0.426/-0.015/0.021       47s
[GAN] ep  384/1024  loss tr/va/te 6.814e-05/2.446e-03/1.077e-02  SR(monthly) tr/va/te 0.428/-0.013/0.021       56s
[GAN] ep  448/1024  loss tr/va/te 6.707e-05/2.339e-03/1.062e-02  SR(monthly) tr/va/te 0.435/-0.012/0.017       66s
[GAN] ep  512/1024  loss tr/va/te 6.695e-05/2.249e-03/1.043e-02  SR(monthly) tr/va/te 0.445/-0.009/0.016       75s
[GAN] ep  576/1024  loss tr/va/te 6.161e-05/2.194e-03/9.833e-03  SR(monthly) tr/va/te 0.457/-0.000/0.019       84s
[GAN] ep  640/1024  loss tr/va/te 7.598e-05/2.171e-03/1.009e-02  SR(monthly) tr/va/te 0.459/-0.004/0.011       94s
[GAN] ep  704/1024  loss tr/va/te 9.077e-05/2.203e-03/9.783e-03  SR(monthly) tr/va/te 0.470/0.002/0.012      103s
[GAN] ep  768/1024  loss tr/va/te 7.744e-05/2.181e-03/9.191e-03  SR(monthly) tr/va/te 0.498/0.023/0.021      112s
[GAN] ep  832/1024  loss tr/va/te 6.967e-05/2.154e-03/8.671e-03  SR(monthly) tr/va/te 0.515/0.039/0.027      122s
[GAN] ep  896/1024  loss tr/va/te 6.716e-05/2.130e-03/8.352e-03  SR(monthly) tr/va/te 0.531/0.056/0.026      131s
[GAN] ep  960/1024  loss tr/va/te 7.153e-05/2.102e-03/8.035e-03  SR(monthly) tr/va/te 0.542/0.074/0.024      140s
[GAN] ep 1023/1024  loss tr/va/te 6.026e-05/2.033e-03/7.669e-03  SR(monthly) tr/va/te 0.553/0.095/0.022      150s
best-valid-Sharpe epoch 7: SR(monthly) tr/va/te = 0.476/0.186/0.205
seed 0 done in 189s

##### seed 1 #####
Stage 1: unconditional loss
[UNC] ep    0/256  loss tr/va/te 1.962e-03/7.649e-03/2.488e-03  SR(monthly) tr/va/te 0.288/0.233/0.234        0s
[UNC] ep   64/256  loss tr/va/te 1.504e-04/3.883e-03/1.226e-02  SR(monthly) tr/va/te 0.331/0.143/0.033        9s
[UNC] ep  128/256  loss tr/va/te 9.902e-05/3.512e-03/1.006e-02  SR(monthly) tr/va/te 0.361/0.156/0.056       19s
[UNC] ep  192/256  loss tr/va/te 6.890e-05/3.575e-03/1.018e-02  SR(monthly) tr/va/te 0.432/0.187/0.088       28s
[UNC] ep  255/256  loss tr/va/te 5.250e-05/3.736e-03/1.096e-02  SR(monthly) tr/va/te 0.507/0.207/0.115       37s
Stage 2: updating moment conditions (adversary)
   adversary conditional loss 1.824e-04  (unconditional was 3.328e-03)
Stage 3: conditional (GAN) loss
[GAN] ep    0/1024  loss tr/va/te 7.230e-05/3.181e-03/9.393e-03  SR(monthly) tr/va/te 0.508/0.224/0.127        0s
[GAN] ep   64/1024  loss tr/va/te 1.981e-04/4.554e-03/1.456e-02  SR(monthly) tr/va/te 0.587/0.247/0.158        9s
[GAN] ep  128/1024  loss tr/va/te 1.471e-04/4.219e-03/1.271e-02  SR(monthly) tr/va/te 0.627/0.248/0.175       19s
[GAN] ep  192/1024  loss tr/va/te 1.347e-04/4.924e-03/1.341e-02  SR(monthly) tr/va/te 0.626/0.213/0.162       28s
[GAN] ep  256/1024  loss tr/va/te 1.175e-04/5.086e-03/1.287e-02  SR(monthly) tr/va/te 0.620/0.193/0.161       38s
[GAN] ep  320/1024  loss tr/va/te 1.166e-04/5.264e-03/1.183e-02  SR(monthly) tr/va/te 0.599/0.164/0.158       47s
[GAN] ep  384/1024  loss tr/va/te 9.992e-05/4.934e-03/1.059e-02  SR(monthly) tr/va/te 0.590/0.147/0.160       56s
[GAN] ep  448/1024  loss tr/va/te 9.860e-05/4.848e-03/1.007e-02  SR(monthly) tr/va/te 0.588/0.136/0.158       66s
[GAN] ep  512/1024  loss tr/va/te 1.021e-04/4.824e-03/9.568e-03  SR(monthly) tr/va/te 0.583/0.115/0.153       75s
[GAN] ep  576/1024  loss tr/va/te 8.937e-05/4.385e-03/8.694e-03  SR(monthly) tr/va/te 0.582/0.101/0.156       84s
[GAN] ep  640/1024  loss tr/va/te 8.677e-05/4.077e-03/7.939e-03  SR(monthly) tr/va/te 0.583/0.089/0.158       94s
[GAN] ep  704/1024  loss tr/va/te 8.987e-05/3.934e-03/7.257e-03  SR(monthly) tr/va/te 0.579/0.078/0.157      105s
[GAN] ep  768/1024  loss tr/va/te 7.859e-05/3.508e-03/6.232e-03  SR(monthly) tr/va/te 0.597/0.083/0.172      117s
[GAN] ep  832/1024  loss tr/va/te 7.543e-05/3.376e-03/5.564e-03  SR(monthly) tr/va/te 0.594/0.078/0.174      130s
[GAN] ep  896/1024  loss tr/va/te 7.733e-05/3.286e-03/5.038e-03  SR(monthly) tr/va/te 0.593/0.073/0.175      142s
[GAN] ep  960/1024  loss tr/va/te 7.041e-05/3.095e-03/4.268e-03  SR(monthly) tr/va/te 0.612/0.083/0.189      152s
[GAN] ep 1023/1024  loss tr/va/te 6.782e-05/2.985e-03/3.688e-03  SR(monthly) tr/va/te 0.622/0.084/0.200      160s
best-valid-Sharpe epoch 80: SR(monthly) tr/va/te = 0.604/0.257/0.171
seed 1 done in 199s

##### seed 2 #####
Stage 1: unconditional loss
[UNC] ep    0/256  loss tr/va/te 2.454e-03/1.396e-02/3.572e-03  SR(monthly) tr/va/te 0.202/0.147/0.291        0s
[UNC] ep   64/256  loss tr/va/te 9.111e-05/3.167e-03/8.581e-03  SR(monthly) tr/va/te 0.488/0.040/0.117        8s
[UNC] ep  128/256  loss tr/va/te 9.272e-05/4.040e-03/1.066e-02  SR(monthly) tr/va/te 0.474/-0.033/0.085       16s
[UNC] ep  192/256  loss tr/va/te 9.060e-05/4.511e-03/1.200e-02  SR(monthly) tr/va/te 0.459/-0.080/0.062       24s
[UNC] ep  255/256  loss tr/va/te 8.033e-05/4.739e-03/1.216e-02  SR(monthly) tr/va/te 0.457/-0.112/0.051       32s
Stage 2: updating moment conditions (adversary)
   adversary conditional loss 2.004e-04  (unconditional was 3.176e-03)
Stage 3: conditional (GAN) loss
[GAN] ep    0/1024  loss tr/va/te 8.757e-05/3.226e-03/8.445e-03  SR(monthly) tr/va/te 0.499/0.032/0.119        0s
[GAN] ep   64/1024  loss tr/va/te 1.340e-04/4.950e-03/1.535e-02  SR(monthly) tr/va/te 0.505/-0.095/0.060        8s
[GAN] ep  128/1024  loss tr/va/te 1.387e-04/6.230e-03/1.805e-02  SR(monthly) tr/va/te 0.451/-0.139/0.035       16s
[GAN] ep  192/1024  loss tr/va/te 1.378e-04/6.402e-03/1.891e-02  SR(monthly) tr/va/te 0.415/-0.174/0.025       25s
[GAN] ep  256/1024  loss tr/va/te 1.292e-04/6.327e-03/1.911e-02  SR(monthly) tr/va/te 0.394/-0.188/0.021       35s
[GAN] ep  320/1024  loss tr/va/te 1.227e-04/6.116e-03/1.859e-02  SR(monthly) tr/va/te 0.385/-0.191/0.019       45s
[GAN] ep  384/1024  loss tr/va/te 1.228e-04/5.888e-03/1.714e-02  SR(monthly) tr/va/te 0.377/-0.181/0.023       53s
[GAN] ep  448/1024  loss tr/va/te 1.804e-04/5.891e-03/1.540e-02  SR(monthly) tr/va/te 0.376/-0.161/0.030       60s
[GAN] ep  512/1024  loss tr/va/te 2.362e-04/5.813e-03/1.386e-02  SR(monthly) tr/va/te 0.364/-0.152/0.037       67s
[GAN] ep  576/1024  loss tr/va/te 2.859e-04/5.816e-03/1.253e-02  SR(monthly) tr/va/te 0.353/-0.145/0.041       75s
[GAN] ep  640/1024  loss tr/va/te 2.211e-04/5.336e-03/1.236e-02  SR(monthly) tr/va/te 0.356/-0.153/0.036       82s
[GAN] ep  704/1024  loss tr/va/te 2.381e-04/5.303e-03/1.167e-02  SR(monthly) tr/va/te 0.355/-0.149/0.039       90s
[GAN] ep  768/1024  loss tr/va/te 2.880e-04/5.393e-03/1.076e-02  SR(monthly) tr/va/te 0.349/-0.143/0.044       97s
[GAN] ep  832/1024  loss tr/va/te 3.518e-04/5.544e-03/9.905e-03  SR(monthly) tr/va/te 0.349/-0.133/0.050      105s
[GAN] ep  896/1024  loss tr/va/te 2.212e-04/4.833e-03/9.786e-03  SR(monthly) tr/va/te 0.354/-0.155/0.039      112s
[GAN] ep  960/1024  loss tr/va/te 2.405e-04/4.813e-03/9.205e-03  SR(monthly) tr/va/te 0.355/-0.149/0.041      119s
[GAN] ep 1023/1024  loss tr/va/te 2.378e-04/4.688e-03/8.751e-03  SR(monthly) tr/va/te 0.355/-0.150/0.041      127s
best-valid-Sharpe epoch 0: SR(monthly) tr/va/te = 0.499/0.032/0.119
seed 2 done in 160s

##### seed 3 #####
Stage 1: unconditional loss
[UNC] ep    0/256  loss tr/va/te 4.085e-02/1.659e-01/1.208e-01  SR(monthly) tr/va/te -0.091/-0.119/-0.188        0s
[UNC] ep   64/256  loss tr/va/te 1.539e-04/1.719e-03/6.387e-04  SR(monthly) tr/va/te 0.239/-0.051/0.187        8s
[UNC] ep  128/256  loss tr/va/te 1.011e-04/1.513e-03/3.447e-03  SR(monthly) tr/va/te 0.386/-0.035/0.089       17s
[UNC] ep  192/256  loss tr/va/te 8.664e-05/2.200e-03/7.014e-03  SR(monthly) tr/va/te 0.400/-0.057/0.031       26s
[UNC] ep  255/256  loss tr/va/te 7.976e-05/2.693e-03/9.382e-03  SR(monthly) tr/va/te 0.393/-0.072/0.006       33s
Stage 2: updating moment conditions (adversary)
   adversary conditional loss 1.922e-04  (unconditional was 1.354e-03)
Stage 3: conditional (GAN) loss
[GAN] ep    0/1024  loss tr/va/te 1.374e-04/1.301e-03/1.636e-03  SR(monthly) tr/va/te 0.359/-0.012/0.150        0s
[GAN] ep   64/1024  loss tr/va/te 1.408e-04/2.912e-03/8.113e-03  SR(monthly) tr/va/te 0.488/0.002/0.030        7s
[GAN] ep  128/1024  loss tr/va/te 1.141e-04/4.251e-03/1.199e-02  SR(monthly) tr/va/te 0.482/-0.028/0.002       13s
[GAN] ep  192/1024  loss tr/va/te 1.131e-04/4.724e-03/1.476e-02  SR(monthly) tr/va/te 0.463/-0.033/-0.016       20s
[GAN] ep  256/1024  loss tr/va/te 9.943e-05/4.900e-03/1.627e-02  SR(monthly) tr/va/te 0.461/-0.025/-0.019       27s
[GAN] ep  320/1024  loss tr/va/te 9.610e-05/4.789e-03/1.745e-02  SR(monthly) tr/va/te 0.459/-0.013/-0.024       33s
[GAN] ep  384/1024  loss tr/va/te 8.608e-05/4.669e-03/1.787e-02  SR(monthly) tr/va/te 0.464/0.002/-0.023       40s
[GAN] ep  448/1024  loss tr/va/te 9.072e-05/4.535e-03/1.848e-02  SR(monthly) tr/va/te 0.465/0.009/-0.030       47s
[GAN] ep  512/1024  loss tr/va/te 8.119e-05/4.450e-03/1.800e-02  SR(monthly) tr/va/te 0.470/0.015/-0.029       53s
[GAN] ep  576/1024  loss tr/va/te 8.449e-05/4.378e-03/1.796e-02  SR(monthly) tr/va/te 0.479/0.015/-0.032       60s
[GAN] ep  640/1024  loss tr/va/te 1.429e-04/4.599e-03/1.823e-02  SR(monthly) tr/va/te 0.462/0.006/-0.040       66s
[GAN] ep  704/1024  loss tr/va/te 1.808e-04/4.747e-03/1.812e-02  SR(monthly) tr/va/te 0.460/0.008/-0.043       73s
[GAN] ep  768/1024  loss tr/va/te 1.376e-04/4.689e-03/1.737e-02  SR(monthly) tr/va/te 0.477/0.013/-0.038       80s
[GAN] ep  832/1024  loss tr/va/te 3.639e-04/5.702e-03/1.916e-02  SR(monthly) tr/va/te 0.423/0.001/-0.054       86s
[GAN] ep  896/1024  loss tr/va/te 1.924e-04/4.948e-03/1.768e-02  SR(monthly) tr/va/te 0.470/0.023/-0.041       93s
[GAN] ep  960/1024  loss tr/va/te 2.815e-04/5.269e-03/1.819e-02  SR(monthly) tr/va/te 0.451/0.026/-0.046      100s
[GAN] ep 1023/1024  loss tr/va/te 3.546e-04/5.506e-03/1.831e-02  SR(monthly) tr/va/te 0.432/0.029/-0.050      106s
best-valid-Sharpe epoch 3: SR(monthly) tr/va/te = 0.386/0.050/0.179
seed 3 done in 140s

##### seed 4 #####
Stage 1: unconditional loss
[UNC] ep    0/256  loss tr/va/te 1.288e-03/1.345e-02/2.469e-03  SR(monthly) tr/va/te -0.162/-0.145/-0.146        0s
[UNC] ep   64/256  loss tr/va/te 1.734e-04/2.196e-03/3.819e-03  SR(monthly) tr/va/te -0.174/-0.031/-0.034        7s
[UNC] ep  128/256  loss tr/va/te 1.413e-04/1.973e-03/1.245e-03  SR(monthly) tr/va/te 0.004/0.036/0.001       13s
[UNC] ep  192/256  loss tr/va/te 1.019e-04/2.254e-03/1.240e-03  SR(monthly) tr/va/te 0.087/0.031/0.000       22s
[UNC] ep  255/256  loss tr/va/te 7.885e-05/2.159e-03/2.676e-03  SR(monthly) tr/va/te 0.185/0.037/0.017       31s
Stage 2: updating moment conditions (adversary)
   adversary conditional loss 3.204e-04  (unconditional was 1.723e-03)
Stage 3: conditional (GAN) loss
[GAN] ep    0/1024  loss tr/va/te 2.296e-04/3.219e-03/1.352e-03  SR(monthly) tr/va/te -0.003/0.002/-0.032        0s
[GAN] ep   64/1024  loss tr/va/te 3.440e-04/4.175e-03/2.261e-03  SR(monthly) tr/va/te 0.218/-0.014/0.096        6s
[GAN] ep  128/1024  loss tr/va/te 2.866e-04/3.624e-03/4.542e-03  SR(monthly) tr/va/te 0.271/-0.011/0.068       11s
[GAN] ep  192/1024  loss tr/va/te 2.800e-04/3.915e-03/7.458e-03  SR(monthly) tr/va/te 0.305/-0.016/0.045       16s
[GAN] ep  256/1024  loss tr/va/te 2.367e-04/3.990e-03/9.333e-03  SR(monthly) tr/va/te 0.339/-0.006/0.038       22s
[GAN] ep  320/1024  loss tr/va/te 2.125e-04/4.294e-03/1.060e-02  SR(monthly) tr/va/te 0.368/0.005/0.034       27s
[GAN] ep  384/1024  loss tr/va/te 1.966e-04/4.593e-03/1.153e-02  SR(monthly) tr/va/te 0.393/0.008/0.028       33s
[GAN] ep  448/1024  loss tr/va/te 1.877e-04/4.753e-03/1.164e-02  SR(monthly) tr/va/te 0.412/0.001/0.026       38s
[GAN] ep  512/1024  loss tr/va/te 1.746e-04/4.610e-03/1.177e-02  SR(monthly) tr/va/te 0.422/-0.007/0.023       44s
[GAN] ep  576/1024  loss tr/va/te 1.316e-04/4.010e-03/1.130e-02  SR(monthly) tr/va/te 0.444/-0.004/0.029       49s
[GAN] ep  640/1024  loss tr/va/te 1.455e-04/4.201e-03/1.134e-02  SR(monthly) tr/va/te 0.448/-0.010/0.025       54s
[GAN] ep  704/1024  loss tr/va/te 1.326e-04/3.911e-03/1.110e-02  SR(monthly) tr/va/te 0.459/-0.007/0.027       60s
[GAN] ep  768/1024  loss tr/va/te 2.010e-04/4.543e-03/1.143e-02  SR(monthly) tr/va/te 0.443/-0.024/0.016       65s
[GAN] ep  832/1024  loss tr/va/te 2.627e-04/4.915e-03/1.157e-02  SR(monthly) tr/va/te 0.431/-0.035/0.010       70s
[GAN] ep  896/1024  loss tr/va/te 3.088e-04/5.085e-03/1.145e-02  SR(monthly) tr/va/te 0.424/-0.038/0.006       76s
[GAN] ep  960/1024  loss tr/va/te 2.840e-04/4.748e-03/1.092e-02  SR(monthly) tr/va/te 0.435/-0.039/0.007       81s
[GAN] ep 1023/1024  loss tr/va/te 4.450e-04/5.609e-03/1.143e-02  SR(monthly) tr/va/te 0.397/-0.048/-0.008       86s
best-valid-Sharpe epoch 378: SR(monthly) tr/va/te = 0.409/0.024/0.042
seed 4 done in 119s

##### seed 5 #####
Stage 1: unconditional loss
[UNC] ep    0/256  loss tr/va/te 4.268e-03/8.925e-03/1.190e-02  SR(monthly) tr/va/te -0.057/-0.220/-0.148        0s
[UNC] ep   64/256  loss tr/va/te 7.765e-05/2.955e-03/1.064e-02  SR(monthly) tr/va/te 0.489/-0.003/0.074        5s
[UNC] ep  128/256  loss tr/va/te 5.498e-05/3.315e-03/1.055e-02  SR(monthly) tr/va/te 0.535/-0.006/0.049       11s
[UNC] ep  192/256  loss tr/va/te 5.048e-05/2.964e-03/9.336e-03  SR(monthly) tr/va/te 0.560/-0.004/0.040       16s
[UNC] ep  255/256  loss tr/va/te 3.817e-05/2.693e-03/7.624e-03  SR(monthly) tr/va/te 0.589/0.014/0.047       21s
Stage 2: updating moment conditions (adversary)
   adversary conditional loss 8.846e-05  (unconditional was 2.636e-03)
Stage 3: conditional (GAN) loss
[GAN] ep    0/1024  loss tr/va/te 2.365e-04/3.724e-03/6.105e-03  SR(monthly) tr/va/te 0.559/0.059/0.089        0s
[GAN] ep   64/1024  loss tr/va/te 6.441e-05/3.181e-03/1.036e-02  SR(monthly) tr/va/te 0.643/0.023/0.057        5s
[GAN] ep  128/1024  loss tr/va/te 6.186e-05/3.076e-03/1.067e-02  SR(monthly) tr/va/te 0.617/0.005/0.046       11s
[GAN] ep  192/1024  loss tr/va/te 6.133e-05/2.981e-03/1.021e-02  SR(monthly) tr/va/te 0.610/0.002/0.041       16s
[GAN] ep  256/1024  loss tr/va/te 6.523e-05/2.828e-03/1.049e-02  SR(monthly) tr/va/te 0.593/-0.010/0.028       22s
[GAN] ep  320/1024  loss tr/va/te 6.143e-05/2.762e-03/9.703e-03  SR(monthly) tr/va/te 0.595/-0.001/0.034       27s
[GAN] ep  384/1024  loss tr/va/te 6.471e-05/2.697e-03/9.165e-03  SR(monthly) tr/va/te 0.594/0.007/0.036       32s
[GAN] ep  448/1024  loss tr/va/te 5.833e-05/2.608e-03/9.407e-03  SR(monthly) tr/va/te 0.598/0.005/0.029       38s
[GAN] ep  512/1024  loss tr/va/te 6.589e-05/2.543e-03/9.491e-03  SR(monthly) tr/va/te 0.591/0.013/0.024       43s
[GAN] ep  576/1024  loss tr/va/te 5.418e-05/2.342e-03/8.649e-03  SR(monthly) tr/va/te 0.602/0.039/0.031       48s
[GAN] ep  640/1024  loss tr/va/te 5.266e-05/2.228e-03/8.375e-03  SR(monthly) tr/va/te 0.609/0.057/0.033       54s
[GAN] ep  704/1024  loss tr/va/te 5.502e-05/2.283e-03/8.641e-03  SR(monthly) tr/va/te 0.605/0.053/0.022       59s
[GAN] ep  768/1024  loss tr/va/te 5.776e-05/2.213e-03/8.462e-03  SR(monthly) tr/va/te 0.613/0.066/0.022       65s
[GAN] ep  832/1024  loss tr/va/te 4.778e-05/1.988e-03/7.701e-03  SR(monthly) tr/va/te 0.631/0.093/0.034       70s
[GAN] ep  896/1024  loss tr/va/te 5.319e-05/2.037e-03/7.796e-03  SR(monthly) tr/va/te 0.633/0.099/0.030       76s
[GAN] ep  960/1024  loss tr/va/te 5.449e-05/1.982e-03/7.873e-03  SR(monthly) tr/va/te 0.644/0.112/0.027       81s
[GAN] ep 1023/1024  loss tr/va/te 4.490e-05/1.880e-03/7.297e-03  SR(monthly) tr/va/te 0.652/0.119/0.034       86s
best-valid-Sharpe epoch 964: SR(monthly) tr/va/te = 0.654/0.133/0.047
seed 5 done in 108s

##### seed 6 #####
Stage 1: unconditional loss
[UNC] ep    0/256  loss tr/va/te 6.729e-03/3.270e-02/3.305e-02  SR(monthly) tr/va/te 0.005/0.041/0.139        0s
[UNC] ep   64/256  loss tr/va/te 1.289e-04/2.857e-03/1.872e-03  SR(monthly) tr/va/te 0.360/0.026/0.171        5s
[UNC] ep  128/256  loss tr/va/te 9.922e-05/3.210e-03/7.017e-03  SR(monthly) tr/va/te 0.434/-0.038/0.075       11s
[UNC] ep  192/256  loss tr/va/te 7.663e-05/3.459e-03/9.033e-03  SR(monthly) tr/va/te 0.465/-0.065/0.049       16s
[UNC] ep  255/256  loss tr/va/te 6.102e-05/3.537e-03/9.924e-03  SR(monthly) tr/va/te 0.514/-0.066/0.045       22s
Stage 2: updating moment conditions (adversary)
   adversary conditional loss 2.126e-04  (unconditional was 2.731e-03)
Stage 3: conditional (GAN) loss
[GAN] ep    0/1024  loss tr/va/te 4.073e-04/4.331e-03/2.153e-03  SR(monthly) tr/va/te 0.389/0.061/0.211        0s
[GAN] ep   64/1024  loss tr/va/te 1.573e-04/3.823e-03/9.490e-03  SR(monthly) tr/va/te 0.475/-0.031/0.082        6s
[GAN] ep  128/1024  loss tr/va/te 1.070e-04/4.365e-03/1.319e-02  SR(monthly) tr/va/te 0.497/-0.070/0.048       11s
[GAN] ep  192/1024  loss tr/va/te 9.667e-05/4.282e-03/1.388e-02  SR(monthly) tr/va/te 0.516/-0.071/0.035       17s
[GAN] ep  256/1024  loss tr/va/te 7.403e-05/3.898e-03/1.404e-02  SR(monthly) tr/va/te 0.521/-0.066/0.027       22s
[GAN] ep  320/1024  loss tr/va/te 6.698e-05/3.591e-03/1.398e-02  SR(monthly) tr/va/te 0.514/-0.058/0.018       27s
[GAN] ep  384/1024  loss tr/va/te 6.098e-05/3.213e-03/1.308e-02  SR(monthly) tr/va/te 0.519/-0.032/0.021       33s
[GAN] ep  448/1024  loss tr/va/te 6.786e-05/3.013e-03/1.235e-02  SR(monthly) tr/va/te 0.519/-0.013/0.014       38s
[GAN] ep  512/1024  loss tr/va/te 8.878e-05/3.020e-03/1.166e-02  SR(monthly) tr/va/te 0.516/-0.001/0.007       44s
[GAN] ep  576/1024  loss tr/va/te 1.411e-04/3.302e-03/1.129e-02  SR(monthly) tr/va/te 0.494/0.008/-0.001       49s
[GAN] ep  640/1024  loss tr/va/te 1.279e-04/3.136e-03/1.064e-02  SR(monthly) tr/va/te 0.496/0.025/-0.002       55s
[GAN] ep  704/1024  loss tr/va/te 1.612e-04/3.367e-03/1.052e-02  SR(monthly) tr/va/te 0.480/0.029/-0.008       60s
[GAN] ep  768/1024  loss tr/va/te 1.183e-04/3.089e-03/9.750e-03  SR(monthly) tr/va/te 0.497/0.043/-0.003       65s
[GAN] ep  832/1024  loss tr/va/te 2.187e-04/3.711e-03/1.009e-02  SR(monthly) tr/va/te 0.451/0.030/-0.014       72s
[GAN] ep  896/1024  loss tr/va/te 1.386e-04/3.183e-03/9.148e-03  SR(monthly) tr/va/te 0.481/0.048/-0.002       79s
[GAN] ep  960/1024  loss tr/va/te 1.545e-04/3.203e-03/8.964e-03  SR(monthly) tr/va/te 0.468/0.046/-0.003       87s
[GAN] ep 1023/1024  loss tr/va/te 1.171e-04/2.841e-03/8.316e-03  SR(monthly) tr/va/te 0.479/0.051/0.007       94s
best-valid-Sharpe epoch 5: SR(monthly) tr/va/te = 0.390/0.089/0.197
seed 6 done in 117s

##### seed 7 #####
Stage 1: unconditional loss
[UNC] ep    0/256  loss tr/va/te 5.857e-02/1.895e-01/1.311e-01  SR(monthly) tr/va/te 0.106/0.085/0.199        0s
[UNC] ep   64/256  loss tr/va/te 1.233e-04/2.646e-03/1.684e-03  SR(monthly) tr/va/te 0.109/-0.092/-0.042        7s
[UNC] ep  128/256  loss tr/va/te 1.238e-04/3.974e-03/3.510e-03  SR(monthly) tr/va/te 0.141/-0.080/-0.041       15s
[UNC] ep  192/256  loss tr/va/te 1.099e-04/3.800e-03/3.996e-03  SR(monthly) tr/va/te 0.156/-0.091/-0.030       20s
[UNC] ep  255/256  loss tr/va/te 8.870e-05/4.228e-03/5.989e-03  SR(monthly) tr/va/te 0.181/-0.103/-0.027       24s
Stage 2: updating moment conditions (adversary)
   adversary conditional loss 1.348e-04  (unconditional was 2.659e-03)
Stage 3: conditional (GAN) loss
[GAN] ep    0/1024  loss tr/va/te 1.292e-04/2.967e-03/2.040e-03  SR(monthly) tr/va/te 0.106/-0.096/-0.053        0s
[GAN] ep   64/1024  loss tr/va/te 2.636e-04/3.409e-03/2.914e-03  SR(monthly) tr/va/te 0.199/-0.106/0.041        4s
[GAN] ep  128/1024  loss tr/va/te 2.456e-04/3.198e-03/4.162e-03  SR(monthly) tr/va/te 0.227/-0.138/0.050        9s
[GAN] ep  192/1024  loss tr/va/te 2.044e-04/3.420e-03/5.981e-03  SR(monthly) tr/va/te 0.266/-0.174/0.049       13s
[GAN] ep  256/1024  loss tr/va/te 1.750e-04/3.493e-03/7.536e-03  SR(monthly) tr/va/te 0.310/-0.180/0.054       17s
[GAN] ep  320/1024  loss tr/va/te 1.322e-04/3.658e-03/8.959e-03  SR(monthly) tr/va/te 0.347/-0.189/0.047       22s
[GAN] ep  384/1024  loss tr/va/te 1.040e-04/3.961e-03/1.041e-02  SR(monthly) tr/va/te 0.379/-0.194/0.037       26s
[GAN] ep  448/1024  loss tr/va/te 8.988e-05/4.037e-03/1.172e-02  SR(monthly) tr/va/te 0.413/-0.187/0.032       31s
[GAN] ep  512/1024  loss tr/va/te 8.150e-05/4.027e-03/1.314e-02  SR(monthly) tr/va/te 0.435/-0.177/0.026       35s
[GAN] ep  576/1024  loss tr/va/te 7.581e-05/4.117e-03/1.466e-02  SR(monthly) tr/va/te 0.451/-0.164/0.017       39s
[GAN] ep  640/1024  loss tr/va/te 7.132e-05/4.095e-03/1.549e-02  SR(monthly) tr/va/te 0.462/-0.162/0.012       44s
[GAN] ep  704/1024  loss tr/va/te 7.116e-05/3.967e-03/1.566e-02  SR(monthly) tr/va/te 0.472/-0.152/0.010       48s
[GAN] ep  768/1024  loss tr/va/te 8.987e-05/3.694e-03/1.484e-02  SR(monthly) tr/va/te 0.481/-0.138/0.015       53s
[GAN] ep  832/1024  loss tr/va/te 7.169e-05/3.770e-03/1.556e-02  SR(monthly) tr/va/te 0.489/-0.143/0.009       57s
[GAN] ep  896/1024  loss tr/va/te 6.757e-05/3.763e-03/1.557e-02  SR(monthly) tr/va/te 0.493/-0.142/0.007       61s
[GAN] ep  960/1024  loss tr/va/te 5.889e-05/3.813e-03/1.599e-02  SR(monthly) tr/va/te 0.498/-0.141/0.003       65s
[GAN] ep 1023/1024  loss tr/va/te 5.820e-05/3.707e-03/1.561e-02  SR(monthly) tr/va/te 0.500/-0.136/0.003       70s
best-valid-Sharpe epoch 0: SR(monthly) tr/va/te = 0.106/-0.096/-0.053
seed 7 done in 94s

##### seed 8 #####
Stage 1: unconditional loss
[UNC] ep    0/256  loss tr/va/te 1.096e-03/1.482e-03/4.490e-03  SR(monthly) tr/va/te 0.102/0.267/-0.004        0s
[UNC] ep   64/256  loss tr/va/te 7.779e-05/4.134e-03/7.301e-03  SR(monthly) tr/va/te 0.559/0.213/0.174        4s
[UNC] ep  128/256  loss tr/va/te 5.714e-05/3.570e-03/4.893e-03  SR(monthly) tr/va/te 0.626/0.198/0.162        9s
[UNC] ep  192/256  loss tr/va/te 8.388e-05/2.929e-03/2.354e-03  SR(monthly) tr/va/te 0.687/0.214/0.184       13s
[UNC] ep  255/256  loss tr/va/te 4.722e-05/2.169e-03/1.753e-03  SR(monthly) tr/va/te 0.733/0.228/0.175       17s
Stage 2: updating moment conditions (adversary)
   adversary conditional loss 8.222e-05  (unconditional was 2.158e-03)
Stage 3: conditional (GAN) loss
[GAN] ep    0/1024  loss tr/va/te 6.184e-04/4.083e-03/1.266e-03  SR(monthly) tr/va/te 0.623/0.251/0.269        0s
[GAN] ep   64/1024  loss tr/va/te 6.038e-05/2.169e-03/1.725e-03  SR(monthly) tr/va/te 0.731/0.235/0.174        4s
[GAN] ep  128/1024  loss tr/va/te 6.412e-05/1.987e-03/1.713e-03  SR(monthly) tr/va/te 0.706/0.232/0.167        9s
[GAN] ep  192/1024  loss tr/va/te 1.102e-04/1.807e-03/1.652e-03  SR(monthly) tr/va/te 0.695/0.261/0.186       13s
[GAN] ep  256/1024  loss tr/va/te 1.237e-04/1.662e-03/1.928e-03  SR(monthly) tr/va/te 0.669/0.280/0.187       18s
[GAN] ep  320/1024  loss tr/va/te 1.546e-04/1.631e-03/2.370e-03  SR(monthly) tr/va/te 0.642/0.298/0.190       22s
[GAN] ep  384/1024  loss tr/va/te 2.471e-04/1.683e-03/3.155e-03  SR(monthly) tr/va/te 0.613/0.325/0.204       26s
[GAN] ep  448/1024  loss tr/va/te 1.445e-04/1.326e-03/3.190e-03  SR(monthly) tr/va/te 0.626/0.347/0.196       31s
[GAN] ep  512/1024  loss tr/va/te 1.075e-04/1.206e-03/3.241e-03  SR(monthly) tr/va/te 0.633/0.370/0.201       35s
[GAN] ep  576/1024  loss tr/va/te 1.509e-04/1.331e-03/3.568e-03  SR(monthly) tr/va/te 0.618/0.376/0.215       40s
[GAN] ep  640/1024  loss tr/va/te 1.778e-04/1.434e-03/3.975e-03  SR(monthly) tr/va/te 0.614/0.382/0.220       44s
[GAN] ep  704/1024  loss tr/va/te 1.723e-04/1.440e-03/4.090e-03  SR(monthly) tr/va/te 0.613/0.387/0.217       48s
[GAN] ep  768/1024  loss tr/va/te 1.473e-04/1.430e-03/4.071e-03  SR(monthly) tr/va/te 0.613/0.378/0.214       53s
[GAN] ep  832/1024  loss tr/va/te 1.117e-04/1.336e-03/3.998e-03  SR(monthly) tr/va/te 0.618/0.373/0.208       59s
[GAN] ep  896/1024  loss tr/va/te 1.536e-04/1.525e-03/4.387e-03  SR(monthly) tr/va/te 0.610/0.369/0.212       65s
[GAN] ep  960/1024  loss tr/va/te 1.553e-04/1.546e-03/4.418e-03  SR(monthly) tr/va/te 0.612/0.360/0.207       70s
[GAN] ep 1023/1024  loss tr/va/te 1.898e-04/1.696e-03/4.677e-03  SR(monthly) tr/va/te 0.607/0.355/0.210       78s
best-valid-Sharpe epoch 692: SR(monthly) tr/va/te = 0.617/0.389/0.217
seed 8 done in 96s

##### ensemble evaluation #####
train  SR monthly 0.626  annual 2.17  EV 0.003  XS-R2 0.012  turnover 0.08  net SR@50bps 1.98
valid  SR monthly 0.132  annual 0.46  EV 0.001  XS-R2 0.000  turnover 0.07  net SR@50bps 0.29
test   SR monthly 0.093  annual 0.32  EV 0.004  XS-R2 -0.003  turnover 0.06  net SR@50bps 0.24
fitting beta network on SDF factor ...
   beta net seed 0: best valid MSE 0.0041
   beta net seed 1: best valid MSE 0.0040
   beta net seed 2: best valid MSE 0.0040
   beta net seed 3: best valid MSE 0.0040
   beta net seed 4: best valid MSE 0.0040
   beta net seed 5: best valid MSE 0.0040
   beta net seed 6: best valid MSE 0.0041
   beta net seed 7: best valid MSE 0.0041
   beta net seed 8: best valid MSE 0.0041
train  beta-net  EV 0.073  XS-R2 -0.032  weighted XS-R2 -0.036  decile spread 3.48%/mo
valid  beta-net  EV 0.026  XS-R2 -0.010  weighted XS-R2 -0.057  decile spread 2.70%/mo
test   beta-net  EV 0.028  XS-R2 -0.001  weighted XS-R2 0.027  decile spread 2.88%/mo

results written to output/ext_turnover/results.json
