==========================================================================================
2026-09-10 04:55:37  config: {"learning_rate": 0.001, "optimizer": "Adam", "dropout": 0.95, "weighted_loss": true, "use_rnn": true, "cell_type_rnn": "lstm", "num_layers_rnn": 1, "num_units_rnn": [4], "num_layers": 2, "hidden_dim": [64, 64], "cell_type_rnn_moment": "lstm", "num_layers_rnn_moment": 1, "num_units_rnn_moment": [32], "num_layers_moment": 0, "hidden_dim_moment": [], "num_condition_moment": 8, "num_epochs_unc": 256, "num_epochs_moment": 64, "num_epochs": 1024, "sub_epoch": 4, "individual_feature_dim": 46, "macro_feature_dim": 178, "ignore_epoch": 32, "print_freq": 64, "turnover_penalty": 0.0, "sdf_hinge": 0.0, "individual_feature_file": "datasets/char/Char_train.npz", "individual_feature_file_valid": "datasets/char/Char_valid.npz", "individual_feature_file_test": "datasets/char/Char_test.npz", "macro_feature_file": "datasets/macro/macro_train.npz", "macro_feature_file_valid": "datasets/macro/macro_valid.npz", "macro_feature_file_test": "datasets/macro/macro_test.npz"}
train  T= 240 months (196701–198612)  N=  3686 permnos  obs=  336113  avg stocks/month= 1400.5  chars=46  macro=178
valid  T=  60 months (198701–199112)  N=  3347 permnos  obs=  132167  avg stocks/month= 2202.8  chars=46  macro=178
test   T= 300 months (199201–201612)  N=  7141 permnos  obs=  750275  avg stocks/month= 2500.9  chars=46  macro=178

##### seed 0 #####
Stage 1: unconditional loss
[UNC] ep    0/256  loss tr/va/te 3.074e-02/3.723e-02/5.986e-02  SR(monthly) tr/va/te 0.084/-0.027/0.198        1s
[UNC] ep   64/256  loss tr/va/te 1.591e-04/7.308e-03/3.055e-03  SR(monthly) tr/va/te 0.415/0.129/0.304        2s
[UNC] ep  128/256  loss tr/va/te 2.197e-04/4.280e-03/2.898e-03  SR(monthly) tr/va/te 0.652/0.272/0.373        6s
[UNC] ep  192/256  loss tr/va/te 2.400e-04/2.145e-03/2.346e-03  SR(monthly) tr/va/te 0.794/0.417/0.436       13s
[UNC] ep  255/256  loss tr/va/te 3.946e-05/2.762e-03/2.082e-03  SR(monthly) tr/va/te 1.037/0.428/0.467       23s
Stage 2: updating moment conditions (adversary)
   adversary conditional loss 4.257e-04  (unconditional was 1.443e-03)
Stage 3: conditional (GAN) loss
[GAN] ep    0/1024  loss tr/va/te 1.971e-02/4.195e-02/4.339e-02  SR(monthly) tr/va/te 0.277/0.293/0.381        0s
[GAN] ep   64/1024  loss tr/va/te 6.541e-05/2.394e-03/2.232e-03  SR(monthly) tr/va/te 1.221/0.512/0.501       12s
[GAN] ep  128/1024  loss tr/va/te 1.165e-04/1.560e-03/2.017e-03  SR(monthly) tr/va/te 1.344/0.609/0.546       24s
[GAN] ep  192/1024  loss tr/va/te 1.236e-05/2.695e-03/1.785e-03  SR(monthly) tr/va/te 1.630/0.545/0.550       36s
[GAN] ep  256/1024  loss tr/va/te 3.005e-05/2.229e-03/1.550e-03  SR(monthly) tr/va/te 1.732/0.586/0.615       48s
[GAN] ep  320/1024  loss tr/va/te 1.385e-05/2.000e-03/1.481e-03  SR(monthly) tr/va/te 1.887/0.630/0.607       60s
[GAN] ep  384/1024  loss tr/va/te 3.141e-05/3.875e-03/1.600e-03  SR(monthly) tr/va/te 1.942/0.506/0.577       72s
[GAN] ep  448/1024  loss tr/va/te 3.805e-05/1.998e-03/1.299e-03  SR(monthly) tr/va/te 2.013/0.649/0.636       84s
[GAN] ep  512/1024  loss tr/va/te 2.245e-04/8.703e-04/1.015e-03  SR(monthly) tr/va/te 1.676/0.783/0.704       96s
[GAN] ep  576/1024  loss tr/va/te 1.098e-04/1.274e-03/8.486e-04  SR(monthly) tr/va/te 1.972/0.726/0.709      108s
[GAN] ep  640/1024  loss tr/va/te 6.432e-05/1.233e-03/7.458e-04  SR(monthly) tr/va/te 2.162/0.728/0.710      120s
[GAN] ep  704/1024  loss tr/va/te 2.835e-04/6.732e-04/6.632e-04  SR(monthly) tr/va/te 1.666/0.853/0.739      132s
[GAN] ep  768/1024  loss tr/va/te 7.457e-05/1.067e-03/6.543e-04  SR(monthly) tr/va/te 2.267/0.773/0.724      144s
[GAN] ep  832/1024  loss tr/va/te 1.673e-05/2.679e-03/1.490e-03  SR(monthly) tr/va/te 2.678/0.601/0.573      157s
[GAN] ep  896/1024  loss tr/va/te 3.419e-06/2.034e-03/1.055e-03  SR(monthly) tr/va/te 2.882/0.662/0.631      169s
[GAN] ep  960/1024  loss tr/va/te 3.694e-05/1.104e-03/7.590e-04  SR(monthly) tr/va/te 2.659/0.795/0.685      181s
[GAN] ep 1023/1024  loss tr/va/te 7.081e-05/8.301e-04/5.833e-04  SR(monthly) tr/va/te 2.512/0.849/0.704      193s
best-valid-Sharpe epoch 955: SR(monthly) tr/va/te = 1.980/0.969/0.750
seed 0 done in 226s

##### seed 1 #####
Stage 1: unconditional loss
[UNC] ep    0/256  loss tr/va/te 1.207e-02/2.084e-02/1.474e-02  SR(monthly) tr/va/te 0.287/0.320/0.183        0s
[UNC] ep   64/256  loss tr/va/te 7.390e-05/1.175e-03/6.561e-03  SR(monthly) tr/va/te 0.625/0.455/0.062       10s
[UNC] ep  128/256  loss tr/va/te 2.819e-05/9.422e-04/6.172e-03  SR(monthly) tr/va/te 0.925/0.499/0.086       19s
[UNC] ep  192/256  loss tr/va/te 6.410e-05/1.223e-03/6.677e-03  SR(monthly) tr/va/te 1.055/0.492/0.082       29s
[UNC] ep  255/256  loss tr/va/te 3.215e-05/9.224e-04/5.416e-03  SR(monthly) tr/va/te 1.210/0.549/0.111       39s
Stage 2: updating moment conditions (adversary)
   adversary conditional loss 3.169e-04  (unconditional was 7.649e-04)
Stage 3: conditional (GAN) loss
[GAN] ep    0/1024  loss tr/va/te 9.834e-03/3.831e-02/1.176e-02  SR(monthly) tr/va/te 0.376/0.279/0.313        0s
[GAN] ep   64/1024  loss tr/va/te 2.687e-04/1.008e-03/4.764e-03  SR(monthly) tr/va/te 1.080/0.531/0.169       13s
[GAN] ep  128/1024  loss tr/va/te 1.706e-05/9.973e-04/2.201e-03  SR(monthly) tr/va/te 1.554/0.619/0.281       25s
[GAN] ep  192/1024  loss tr/va/te 5.630e-05/7.202e-04/2.674e-03  SR(monthly) tr/va/te 1.590/0.644/0.255       37s
[GAN] ep  256/1024  loss tr/va/te 3.546e-05/5.951e-04/2.179e-03  SR(monthly) tr/va/te 1.781/0.696/0.300       49s
[GAN] ep  320/1024  loss tr/va/te 7.009e-06/5.637e-04/1.702e-03  SR(monthly) tr/va/te 1.998/0.754/0.329       61s
[GAN] ep  384/1024  loss tr/va/te 6.566e-06/5.957e-04/1.412e-03  SR(monthly) tr/va/te 2.133/0.794/0.354       73s
[GAN] ep  448/1024  loss tr/va/te 5.001e-06/5.673e-04/1.387e-03  SR(monthly) tr/va/te 2.287/0.815/0.373       86s
[GAN] ep  512/1024  loss tr/va/te 2.592e-05/4.451e-04/1.968e-03  SR(monthly) tr/va/te 2.323/0.844/0.338      100s
[GAN] ep  576/1024  loss tr/va/te 3.923e-06/5.733e-04/1.514e-03  SR(monthly) tr/va/te 2.550/0.841/0.381      114s
[GAN] ep  640/1024  loss tr/va/te 6.419e-05/4.786e-04/2.063e-03  SR(monthly) tr/va/te 2.268/0.817/0.351      128s
[GAN] ep  704/1024  loss tr/va/te 9.494e-06/6.233e-04/1.356e-03  SR(monthly) tr/va/te 2.738/0.837/0.402      141s
[GAN] ep  768/1024  loss tr/va/te 1.389e-05/4.292e-04/1.870e-03  SR(monthly) tr/va/te 2.818/0.855/0.370      155s
[GAN] ep  832/1024  loss tr/va/te 3.276e-06/5.113e-04/1.396e-03  SR(monthly) tr/va/te 3.062/0.860/0.413      168s
[GAN] ep  896/1024  loss tr/va/te 3.534e-05/4.638e-04/2.027e-03  SR(monthly) tr/va/te 2.839/0.846/0.370      179s
[GAN] ep  960/1024  loss tr/va/te 7.486e-06/5.504e-04/1.162e-03  SR(monthly) tr/va/te 3.197/0.863/0.439      189s
[GAN] ep 1023/1024  loss tr/va/te 3.467e-05/8.610e-04/9.824e-04  SR(monthly) tr/va/te 3.000/0.805/0.471      199s
best-valid-Sharpe epoch 746: SR(monthly) tr/va/te = 2.846/0.877/0.378
seed 1 done in 247s

##### seed 2 #####
Stage 1: unconditional loss
[UNC] ep    0/256  loss tr/va/te 8.351e-03/1.304e-01/1.227e-01  SR(monthly) tr/va/te 0.058/0.069/0.149        0s
[UNC] ep   64/256  loss tr/va/te 1.800e-04/6.920e-03/1.430e-02  SR(monthly) tr/va/te 0.199/0.023/0.105        8s
[UNC] ep  128/256  loss tr/va/te 8.738e-05/6.070e-03/1.201e-02  SR(monthly) tr/va/te 0.379/0.071/0.116       17s
[UNC] ep  192/256  loss tr/va/te 9.540e-05/4.638e-03/9.723e-03  SR(monthly) tr/va/te 0.516/0.121/0.125       25s
[UNC] ep  255/256  loss tr/va/te 1.593e-04/3.645e-03/7.956e-03  SR(monthly) tr/va/te 0.610/0.166/0.129       33s
Stage 2: updating moment conditions (adversary)
   adversary conditional loss 6.823e-04  (unconditional was 3.585e-03)
Stage 3: conditional (GAN) loss
[GAN] ep    0/1024  loss tr/va/te 1.093e-02/3.287e-02/3.596e-02  SR(monthly) tr/va/te 0.085/-0.035/-0.068        0s
[GAN] ep   64/1024  loss tr/va/te 2.462e-05/2.053e-03/2.830e-03  SR(monthly) tr/va/te 1.254/0.409/0.199       11s
[GAN] ep  128/1024  loss tr/va/te 4.395e-05/2.201e-03/1.874e-03  SR(monthly) tr/va/te 1.496/0.495/0.253       21s
[GAN] ep  192/1024  loss tr/va/te 9.295e-06/1.285e-03/1.213e-03  SR(monthly) tr/va/te 1.713/0.584/0.284       32s
[GAN] ep  256/1024  loss tr/va/te 1.459e-04/1.427e-03/1.554e-03  SR(monthly) tr/va/te 1.549/0.534/0.233       43s
[GAN] ep  320/1024  loss tr/va/te 7.082e-05/9.918e-04/1.036e-03  SR(monthly) tr/va/te 1.795/0.648/0.299       55s
[GAN] ep  384/1024  loss tr/va/te 2.100e-05/9.770e-04/1.025e-03  SR(monthly) tr/va/te 2.107/0.680/0.327       66s
[GAN] ep  448/1024  loss tr/va/te 5.485e-06/8.538e-04/7.185e-04  SR(monthly) tr/va/te 2.298/0.724/0.381       78s
[GAN] ep  512/1024  loss tr/va/te 5.285e-05/9.882e-04/6.327e-04  SR(monthly) tr/va/te 2.230/0.763/0.421       88s
[GAN] ep  576/1024  loss tr/va/te 8.356e-06/7.790e-04/6.021e-04  SR(monthly) tr/va/te 2.585/0.766/0.414       97s
[GAN] ep  640/1024  loss tr/va/te 2.872e-05/8.428e-04/7.505e-04  SR(monthly) tr/va/te 2.519/0.733/0.395      107s
[GAN] ep  704/1024  loss tr/va/te 4.491e-05/7.080e-04/7.656e-04  SR(monthly) tr/va/te 2.553/0.796/0.403      116s
[GAN] ep  768/1024  loss tr/va/te 3.387e-06/6.526e-04/5.145e-04  SR(monthly) tr/va/te 3.011/0.838/0.466      125s
[GAN] ep  832/1024  loss tr/va/te 5.367e-06/7.067e-04/4.363e-04  SR(monthly) tr/va/te 3.061/0.836/0.479      135s
[GAN] ep  896/1024  loss tr/va/te 6.256e-06/6.729e-04/4.184e-04  SR(monthly) tr/va/te 3.243/0.858/0.493      144s
[GAN] ep  960/1024  loss tr/va/te 6.463e-05/5.727e-04/7.885e-04  SR(monthly) tr/va/te 2.724/0.880/0.410      153s
[GAN] ep 1023/1024  loss tr/va/te 2.771e-06/5.851e-04/4.909e-04  SR(monthly) tr/va/te 3.505/0.907/0.477      163s
best-valid-Sharpe epoch 1020: SR(monthly) tr/va/te = 3.433/0.920/0.478
seed 2 done in 204s

##### seed 3 #####
Stage 1: unconditional loss
[UNC] ep    0/256  loss tr/va/te 1.891e-02/2.514e-01/8.000e-02  SR(monthly) tr/va/te 0.002/-0.072/-0.037        0s
[UNC] ep   64/256  loss tr/va/te 7.186e-05/4.012e-03/2.643e-03  SR(monthly) tr/va/te 0.614/0.284/0.262        8s
[UNC] ep  128/256  loss tr/va/te 4.823e-05/3.361e-03/2.503e-03  SR(monthly) tr/va/te 0.724/0.304/0.259       16s
[UNC] ep  192/256  loss tr/va/te 3.629e-05/2.372e-03/1.794e-03  SR(monthly) tr/va/te 0.862/0.374/0.298       24s
[UNC] ep  255/256  loss tr/va/te 2.260e-05/2.638e-03/1.868e-03  SR(monthly) tr/va/te 0.983/0.383/0.290       32s
Stage 2: updating moment conditions (adversary)
   adversary conditional loss 4.507e-04  (unconditional was 2.052e-03)
Stage 3: conditional (GAN) loss
[GAN] ep    0/1024  loss tr/va/te 5.907e-03/1.499e-02/1.005e-02  SR(monthly) tr/va/te 0.374/0.336/0.377        0s
[GAN] ep   64/1024  loss tr/va/te 1.540e-05/1.956e-03/9.598e-04  SR(monthly) tr/va/te 1.598/0.629/0.396       11s
[GAN] ep  128/1024  loss tr/va/te 2.594e-05/3.049e-03/1.237e-03  SR(monthly) tr/va/te 1.895/0.540/0.379       21s
[GAN] ep  192/1024  loss tr/va/te 2.025e-05/1.780e-03/7.922e-04  SR(monthly) tr/va/te 2.126/0.664/0.436       31s
[GAN] ep  256/1024  loss tr/va/te 7.254e-06/2.208e-03/9.298e-04  SR(monthly) tr/va/te 2.497/0.623/0.433       39s
[GAN] ep  320/1024  loss tr/va/te 3.240e-05/1.379e-03/7.010e-04  SR(monthly) tr/va/te 2.483/0.724/0.491       47s
[GAN] ep  384/1024  loss tr/va/te 4.604e-05/1.110e-03/6.628e-04  SR(monthly) tr/va/te 2.557/0.771/0.501       56s
[GAN] ep  448/1024  loss tr/va/te 7.371e-06/1.772e-03/1.094e-03  SR(monthly) tr/va/te 3.086/0.659/0.449       64s
[GAN] ep  512/1024  loss tr/va/te 5.812e-06/1.165e-03/8.892e-04  SR(monthly) tr/va/te 3.134/0.767/0.477       72s
[GAN] ep  576/1024  loss tr/va/te 3.210e-06/1.314e-03/9.502e-04  SR(monthly) tr/va/te 3.368/0.758/0.490       81s
[GAN] ep  640/1024  loss tr/va/te 9.648e-06/8.556e-04/7.619e-04  SR(monthly) tr/va/te 3.388/0.866/0.533       89s
[GAN] ep  704/1024  loss tr/va/te 1.908e-05/1.450e-03/1.300e-03  SR(monthly) tr/va/te 3.466/0.729/0.469       98s
[GAN] ep  768/1024  loss tr/va/te 3.798e-06/1.018e-03/1.027e-03  SR(monthly) tr/va/te 3.785/0.823/0.503      106s
[GAN] ep  832/1024  loss tr/va/te 1.384e-05/6.895e-04/7.617e-04  SR(monthly) tr/va/te 3.698/0.908/0.544      115s
[GAN] ep  896/1024  loss tr/va/te 2.752e-06/8.275e-04/9.412e-04  SR(monthly) tr/va/te 4.114/0.877/0.520      123s
[GAN] ep  960/1024  loss tr/va/te 1.586e-05/1.154e-03/1.349e-03  SR(monthly) tr/va/te 3.976/0.806/0.466      131s
[GAN] ep 1023/1024  loss tr/va/te 1.761e-05/5.564e-04/7.868e-04  SR(monthly) tr/va/te 3.900/0.968/0.539      140s
best-valid-Sharpe epoch 1003: SR(monthly) tr/va/te = 2.910/1.021/0.589
seed 3 done in 179s

##### seed 4 #####
Stage 1: unconditional loss
[UNC] ep    0/256  loss tr/va/te 3.875e-02/1.253e-01/2.013e-01  SR(monthly) tr/va/te 0.195/0.267/0.161        0s
[UNC] ep   64/256  loss tr/va/te 2.409e-04/1.790e-03/4.258e-03  SR(monthly) tr/va/te 0.526/0.372/0.164        7s
[UNC] ep  128/256  loss tr/va/te 3.937e-05/3.788e-03/4.525e-03  SR(monthly) tr/va/te 0.743/0.357/0.154       13s
[UNC] ep  192/256  loss tr/va/te 2.266e-05/3.625e-03/3.588e-03  SR(monthly) tr/va/te 0.925/0.396/0.183       20s
[UNC] ep  255/256  loss tr/va/te 1.299e-04/1.521e-03/2.340e-03  SR(monthly) tr/va/te 0.983/0.544/0.243       27s
Stage 2: updating moment conditions (adversary)
   adversary conditional loss 3.935e-04  (unconditional was 1.218e-03)
Stage 3: conditional (GAN) loss
[GAN] ep    0/1024  loss tr/va/te 2.037e-02/4.892e-02/4.747e-02  SR(monthly) tr/va/te 0.281/0.301/0.291        0s
[GAN] ep   64/1024  loss tr/va/te 3.043e-05/2.120e-03/2.498e-03  SR(monthly) tr/va/te 1.207/0.521/0.226       10s
[GAN] ep  128/1024  loss tr/va/te 3.485e-05/2.204e-03/2.122e-03  SR(monthly) tr/va/te 1.377/0.509/0.254       19s
[GAN] ep  192/1024  loss tr/va/te 4.975e-05/4.109e-03/2.802e-03  SR(monthly) tr/va/te 1.471/0.411/0.226       29s
[GAN] ep  256/1024  loss tr/va/te 4.568e-05/2.246e-03/1.889e-03  SR(monthly) tr/va/te 1.590/0.509/0.289       36s
[GAN] ep  320/1024  loss tr/va/te 2.930e-05/1.860e-03/1.564e-03  SR(monthly) tr/va/te 1.743/0.549/0.310       43s
[GAN] ep  384/1024  loss tr/va/te 1.090e-05/2.331e-03/1.896e-03  SR(monthly) tr/va/te 1.918/0.526/0.297       49s
[GAN] ep  448/1024  loss tr/va/te 4.999e-05/1.419e-03/1.739e-03  SR(monthly) tr/va/te 1.848/0.648/0.327       56s
[GAN] ep  512/1024  loss tr/va/te 5.237e-05/1.386e-03/1.810e-03  SR(monthly) tr/va/te 1.960/0.660/0.335       63s
[GAN] ep  576/1024  loss tr/va/te 2.647e-04/6.713e-04/1.729e-03  SR(monthly) tr/va/te 1.559/0.798/0.372       69s
[GAN] ep  640/1024  loss tr/va/te 1.680e-05/1.808e-03/1.722e-03  SR(monthly) tr/va/te 2.283/0.639/0.341       76s
[GAN] ep  704/1024  loss tr/va/te 4.726e-05/1.170e-03/1.421e-03  SR(monthly) tr/va/te 2.226/0.719/0.378       83s
[GAN] ep  768/1024  loss tr/va/te 1.981e-04/6.687e-04/1.060e-03  SR(monthly) tr/va/te 1.726/0.834/0.426       89s
[GAN] ep  832/1024  loss tr/va/te 1.130e-05/1.145e-03/1.431e-03  SR(monthly) tr/va/te 2.554/0.789/0.382       96s
[GAN] ep  896/1024  loss tr/va/te 2.793e-05/1.014e-03/1.325e-03  SR(monthly) tr/va/te 2.503/0.798/0.394      103s
[GAN] ep  960/1024  loss tr/va/te 4.471e-05/6.714e-04/9.997e-04  SR(monthly) tr/va/te 2.454/0.923/0.438      109s
[GAN] ep 1023/1024  loss tr/va/te 3.981e-06/1.162e-03/1.185e-03  SR(monthly) tr/va/te 2.876/0.806/0.409      116s
best-valid-Sharpe epoch 985: SR(monthly) tr/va/te = 2.001/0.997/0.481
seed 4 done in 148s

##### seed 5 #####
Stage 1: unconditional loss
[UNC] ep    0/256  loss tr/va/te 1.525e-02/4.082e-02/3.078e-02  SR(monthly) tr/va/te -0.018/0.020/-0.167        0s
[UNC] ep   64/256  loss tr/va/te 1.247e-04/1.542e-03/2.649e-03  SR(monthly) tr/va/te 0.640/0.435/0.244        5s
[UNC] ep  128/256  loss tr/va/te 1.418e-04/1.585e-03/1.910e-03  SR(monthly) tr/va/te 0.870/0.524/0.327       11s
[UNC] ep  192/256  loss tr/va/te 7.600e-05/1.214e-03/1.929e-03  SR(monthly) tr/va/te 1.102/0.634/0.390       16s
[UNC] ep  255/256  loss tr/va/te 2.282e-04/1.893e-03/9.670e-04  SR(monthly) tr/va/te 1.034/0.589/0.435       21s
Stage 2: updating moment conditions (adversary)
   adversary conditional loss 3.190e-04  (unconditional was 8.377e-04)
Stage 3: conditional (GAN) loss
[GAN] ep    0/1024  loss tr/va/te 9.656e-03/3.301e-02/3.840e-02  SR(monthly) tr/va/te 0.339/0.311/0.311        0s
[GAN] ep   64/1024  loss tr/va/te 1.389e-04/1.480e-03/1.132e-03  SR(monthly) tr/va/te 1.204/0.669/0.454        7s
[GAN] ep  128/1024  loss tr/va/te 1.577e-04/1.677e-03/1.039e-03  SR(monthly) tr/va/te 1.301/0.682/0.473       14s
[GAN] ep  192/1024  loss tr/va/te 2.436e-04/2.271e-03/8.812e-04  SR(monthly) tr/va/te 1.286/0.642/0.469       20s
[GAN] ep  256/1024  loss tr/va/te 1.461e-04/1.885e-03/8.845e-04  SR(monthly) tr/va/te 1.528/0.694/0.497       27s
[GAN] ep  320/1024  loss tr/va/te 1.034e-04/1.790e-03/8.679e-04  SR(monthly) tr/va/te 1.725/0.711/0.529       34s
[GAN] ep  384/1024  loss tr/va/te 5.537e-05/1.490e-03/9.200e-04  SR(monthly) tr/va/te 1.918/0.761/0.549       40s
[GAN] ep  448/1024  loss tr/va/te 6.096e-05/1.601e-03/8.284e-04  SR(monthly) tr/va/te 2.048/0.740/0.542       47s
[GAN] ep  512/1024  loss tr/va/te 9.191e-05/1.806e-03/7.048e-04  SR(monthly) tr/va/te 1.998/0.711/0.546       54s
[GAN] ep  576/1024  loss tr/va/te 1.087e-04/1.910e-03/6.602e-04  SR(monthly) tr/va/te 1.994/0.701/0.551       60s
[GAN] ep  640/1024  loss tr/va/te 1.482e-05/1.061e-03/7.151e-04  SR(monthly) tr/va/te 2.545/0.835/0.581       67s
[GAN] ep  704/1024  loss tr/va/te 1.238e-05/1.028e-03/7.067e-04  SR(monthly) tr/va/te 2.674/0.848/0.579       74s
[GAN] ep  768/1024  loss tr/va/te 4.180e-06/8.410e-04/6.899e-04  SR(monthly) tr/va/te 2.850/0.893/0.588       80s
[GAN] ep  832/1024  loss tr/va/te 4.421e-05/1.487e-03/5.755e-04  SR(monthly) tr/va/te 2.613/0.772/0.565       87s
[GAN] ep  896/1024  loss tr/va/te 3.002e-05/1.337e-03/5.823e-04  SR(monthly) tr/va/te 2.825/0.806/0.568       93s
[GAN] ep  960/1024  loss tr/va/te 3.642e-06/7.424e-04/7.032e-04  SR(monthly) tr/va/te 3.092/0.941/0.591      100s
[GAN] ep 1023/1024  loss tr/va/te 3.654e-05/1.377e-03/5.200e-04  SR(monthly) tr/va/te 2.793/0.802/0.564      107s
best-valid-Sharpe epoch 1012: SR(monthly) tr/va/te = 2.914/1.020/0.600
seed 5 done in 133s

##### seed 6 #####
Stage 1: unconditional loss
[UNC] ep    0/256  loss tr/va/te 5.067e-02/6.838e-02/1.297e-01  SR(monthly) tr/va/te -0.056/-0.092/-0.143        0s
[UNC] ep   64/256  loss tr/va/te 1.508e-04/1.126e-02/1.334e-02  SR(monthly) tr/va/te 0.244/-0.119/-0.091        5s
[UNC] ep  128/256  loss tr/va/te 2.528e-04/5.445e-03/1.373e-02  SR(monthly) tr/va/te 0.372/-0.131/-0.088       10s
[UNC] ep  192/256  loss tr/va/te 1.157e-04/4.078e-03/1.096e-02  SR(monthly) tr/va/te 0.537/-0.081/-0.070       16s
[UNC] ep  255/256  loss tr/va/te 7.985e-05/3.317e-03/9.161e-03  SR(monthly) tr/va/te 0.687/-0.032/-0.050       21s
Stage 2: updating moment conditions (adversary)
   adversary conditional loss 6.235e-04  (unconditional was 2.987e-03)
Stage 3: conditional (GAN) loss
[GAN] ep    0/1024  loss tr/va/te 9.841e-03/2.586e-02/5.475e-02  SR(monthly) tr/va/te 0.103/-0.141/-0.143        0s
[GAN] ep   64/1024  loss tr/va/te 2.455e-04/1.270e-03/9.558e-03  SR(monthly) tr/va/te 1.177/0.254/-0.004        7s
[GAN] ep  128/1024  loss tr/va/te 5.288e-05/1.150e-03/7.189e-03  SR(monthly) tr/va/te 1.698/0.370/0.061       14s
[GAN] ep  192/1024  loss tr/va/te 1.969e-04/9.983e-04/8.737e-03  SR(monthly) tr/va/te 1.602/0.410/0.051       20s
[GAN] ep  256/1024  loss tr/va/te 1.804e-05/1.402e-03/4.185e-03  SR(monthly) tr/va/te 2.279/0.481/0.147       27s
[GAN] ep  320/1024  loss tr/va/te 1.082e-04/6.900e-04/7.029e-03  SR(monthly) tr/va/te 2.030/0.583/0.101       34s
[GAN] ep  384/1024  loss tr/va/te 1.044e-04/6.256e-04/6.938e-03  SR(monthly) tr/va/te 2.117/0.639/0.113       40s
[GAN] ep  448/1024  loss tr/va/te 2.618e-05/5.469e-04/5.154e-03  SR(monthly) tr/va/te 2.596/0.689/0.150       47s
[GAN] ep  512/1024  loss tr/va/te 7.134e-06/4.687e-04/4.316e-03  SR(monthly) tr/va/te 2.880/0.782/0.184       54s
[GAN] ep  576/1024  loss tr/va/te 4.121e-05/4.846e-04/5.223e-03  SR(monthly) tr/va/te 2.710/0.802/0.167       60s
[GAN] ep  640/1024  loss tr/va/te 3.373e-06/4.337e-04/3.869e-03  SR(monthly) tr/va/te 3.127/0.866/0.218       68s
[GAN] ep  704/1024  loss tr/va/te 2.812e-05/6.138e-04/2.700e-03  SR(monthly) tr/va/te 2.938/0.844/0.268       75s
[GAN] ep  768/1024  loss tr/va/te 4.739e-05/4.937e-04/4.513e-03  SR(monthly) tr/va/te 2.861/0.875/0.202       83s
[GAN] ep  832/1024  loss tr/va/te 5.129e-06/3.775e-04/3.670e-03  SR(monthly) tr/va/te 3.430/0.934/0.231       91s
[GAN] ep  896/1024  loss tr/va/te 9.644e-06/3.489e-04/3.161e-03  SR(monthly) tr/va/te 3.357/0.948/0.259       99s
[GAN] ep  960/1024  loss tr/va/te 3.851e-05/4.773e-04/3.881e-03  SR(monthly) tr/va/te 3.071/0.930/0.224      107s
[GAN] ep 1023/1024  loss tr/va/te 1.017e-05/3.701e-04/3.189e-03  SR(monthly) tr/va/te 3.578/0.987/0.251      115s
best-valid-Sharpe epoch 1019: SR(monthly) tr/va/te = 3.675/1.003/0.283
seed 6 done in 140s

##### seed 7 #####
Stage 1: unconditional loss
[UNC] ep    0/256  loss tr/va/te 1.736e-02/1.613e-01/5.249e-02  SR(monthly) tr/va/te -0.026/-0.016/0.070        0s
[UNC] ep   64/256  loss tr/va/te 9.809e-05/3.540e-03/9.243e-03  SR(monthly) tr/va/te 0.424/-0.104/0.091        6s
[UNC] ep  128/256  loss tr/va/te 3.313e-05/3.266e-03/5.940e-03  SR(monthly) tr/va/te 0.711/0.030/0.144       13s
[UNC] ep  192/256  loss tr/va/te 3.470e-05/2.668e-03/4.641e-03  SR(monthly) tr/va/te 0.926/0.117/0.170       19s
[UNC] ep  255/256  loss tr/va/te 2.146e-05/2.605e-03/3.447e-03  SR(monthly) tr/va/te 1.098/0.145/0.193       24s
Stage 2: updating moment conditions (adversary)
   adversary conditional loss 4.339e-04  (unconditional was 2.136e-03)
Stage 3: conditional (GAN) loss
[GAN] ep    0/1024  loss tr/va/te 1.232e-02/3.536e-02/3.911e-02  SR(monthly) tr/va/te 0.109/-0.052/-0.075        0s
[GAN] ep   64/1024  loss tr/va/te 6.168e-05/1.773e-03/3.342e-03  SR(monthly) tr/va/te 1.229/0.289/0.234        5s
[GAN] ep  128/1024  loss tr/va/te 6.465e-05/2.868e-03/2.117e-03  SR(monthly) tr/va/te 1.440/0.312/0.304       11s
[GAN] ep  192/1024  loss tr/va/te 2.676e-05/1.355e-03/2.209e-03  SR(monthly) tr/va/te 1.640/0.383/0.283       16s
[GAN] ep  256/1024  loss tr/va/te 4.951e-05/2.043e-03/1.723e-03  SR(monthly) tr/va/te 1.767/0.417/0.338       21s
[GAN] ep  320/1024  loss tr/va/te 1.058e-04/1.054e-03/2.264e-03  SR(monthly) tr/va/te 1.704/0.454/0.292       27s
[GAN] ep  384/1024  loss tr/va/te 7.257e-06/1.339e-03/1.500e-03  SR(monthly) tr/va/te 2.092/0.499/0.354       32s
[GAN] ep  448/1024  loss tr/va/te 7.438e-05/9.329e-04/1.700e-03  SR(monthly) tr/va/te 1.995/0.502/0.324       37s
[GAN] ep  512/1024  loss tr/va/te 1.596e-04/9.699e-04/2.297e-03  SR(monthly) tr/va/te 1.785/0.519/0.301       43s
[GAN] ep  576/1024  loss tr/va/te 1.408e-05/8.344e-04/1.545e-03  SR(monthly) tr/va/te 2.432/0.557/0.361       48s
[GAN] ep  640/1024  loss tr/va/te 2.784e-05/7.429e-04/1.570e-03  SR(monthly) tr/va/te 2.471/0.568/0.355       53s
[GAN] ep  704/1024  loss tr/va/te 9.398e-06/7.779e-04/1.448e-03  SR(monthly) tr/va/te 2.710/0.593/0.373       59s
[GAN] ep  768/1024  loss tr/va/te 5.639e-06/8.786e-04/1.298e-03  SR(monthly) tr/va/te 2.769/0.614/0.399       64s
[GAN] ep  832/1024  loss tr/va/te 4.876e-06/7.324e-04/1.326e-03  SR(monthly) tr/va/te 2.901/0.634/0.392       69s
[GAN] ep  896/1024  loss tr/va/te 2.732e-05/6.349e-04/1.463e-03  SR(monthly) tr/va/te 2.861/0.648/0.375       74s
[GAN] ep  960/1024  loss tr/va/te 1.084e-05/6.310e-04/1.277e-03  SR(monthly) tr/va/te 3.135/0.671/0.391       80s
[GAN] ep 1023/1024  loss tr/va/te 2.858e-06/6.145e-04/1.165e-03  SR(monthly) tr/va/te 3.252/0.696/0.410       85s
best-valid-Sharpe epoch 1007: SR(monthly) tr/va/te = 3.137/0.719/0.394
seed 7 done in 114s

##### seed 8 #####
Stage 1: unconditional loss
[UNC] ep    0/256  loss tr/va/te 2.751e-02/3.011e-02/6.103e-02  SR(monthly) tr/va/te -0.153/-0.237/-0.170        0s
[UNC] ep   64/256  loss tr/va/te 1.178e-04/1.525e-03/4.187e-03  SR(monthly) tr/va/te 0.280/0.007/0.077        4s
[UNC] ep  128/256  loss tr/va/te 1.516e-04/1.035e-03/5.197e-03  SR(monthly) tr/va/te 0.561/0.157/0.125        8s
[UNC] ep  192/256  loss tr/va/te 1.515e-04/8.594e-04/5.813e-03  SR(monthly) tr/va/te 0.745/0.239/0.145       13s
[UNC] ep  255/256  loss tr/va/te 1.183e-04/7.732e-04/5.334e-03  SR(monthly) tr/va/te 0.897/0.317/0.166       17s
Stage 2: updating moment conditions (adversary)
   adversary conditional loss 3.380e-04  (unconditional was 7.490e-04)
Stage 3: conditional (GAN) loss
[GAN] ep    0/1024  loss tr/va/te 1.289e-02/4.130e-02/4.978e-02  SR(monthly) tr/va/te 0.081/-0.029/-0.066        0s
[GAN] ep   64/1024  loss tr/va/te 4.247e-05/7.133e-04/4.295e-03  SR(monthly) tr/va/te 1.417/0.477/0.250        5s
[GAN] ep  128/1024  loss tr/va/te 9.072e-05/6.061e-04/4.213e-03  SR(monthly) tr/va/te 1.678/0.579/0.261       11s
[GAN] ep  192/1024  loss tr/va/te 6.128e-06/6.385e-04/2.865e-03  SR(monthly) tr/va/te 2.173/0.671/0.333       16s
[GAN] ep  256/1024  loss tr/va/te 3.041e-04/1.027e-03/5.551e-03  SR(monthly) tr/va/te 1.545/0.606/0.236       21s
[GAN] ep  320/1024  loss tr/va/te 2.385e-04/1.183e-03/5.329e-03  SR(monthly) tr/va/te 1.746/0.634/0.242       27s
[GAN] ep  384/1024  loss tr/va/te 5.070e-06/3.687e-04/2.717e-03  SR(monthly) tr/va/te 2.773/0.867/0.367       32s
[GAN] ep  448/1024  loss tr/va/te 3.549e-05/5.329e-04/3.445e-03  SR(monthly) tr/va/te 2.774/0.848/0.327       37s
[GAN] ep  512/1024  loss tr/va/te 7.863e-06/3.616e-04/2.307e-03  SR(monthly) tr/va/te 2.992/0.959/0.391       43s
[GAN] ep  576/1024  loss tr/va/te 2.552e-05/4.665e-04/3.475e-03  SR(monthly) tr/va/te 3.106/0.928/0.334       48s
[GAN] ep  640/1024  loss tr/va/te 5.856e-06/4.324e-04/3.106e-03  SR(monthly) tr/va/te 3.538/0.976/0.355       53s
[GAN] ep  704/1024  loss tr/va/te 2.359e-06/3.782e-04/2.807e-03  SR(monthly) tr/va/te 3.729/1.011/0.372       58s
[GAN] ep  768/1024  loss tr/va/te 4.124e-05/7.714e-04/3.558e-03  SR(monthly) tr/va/te 3.349/0.903/0.329       64s
[GAN] ep  832/1024  loss tr/va/te 2.851e-05/6.620e-04/3.131e-03  SR(monthly) tr/va/te 3.624/0.965/0.352       69s
[GAN] ep  896/1024  loss tr/va/te 8.490e-05/9.671e-04/3.446e-03  SR(monthly) tr/va/te 3.047/0.877/0.335       74s
[GAN] ep  960/1024  loss tr/va/te 5.953e-06/4.109e-04/2.398e-03  SR(monthly) tr/va/te 4.514/1.089/0.394       79s
[GAN] ep 1023/1024  loss tr/va/te 3.102e-05/6.540e-04/2.799e-03  SR(monthly) tr/va/te 4.049/1.016/0.365       85s
best-valid-Sharpe epoch 1009: SR(monthly) tr/va/te = 4.298/1.209/0.458
seed 8 done in 105s

##### ensemble evaluation #####
train  SR monthly 2.988  annual 10.35  EV 0.015  XS-R2 0.031  turnover 0.97  net SR@50bps 7.42
valid  SR monthly 1.358  annual 4.70  EV 0.004  XS-R2 0.011  turnover 0.97  net SR@50bps 2.53
test   SR monthly 0.681  annual 2.36  EV 0.004  XS-R2 0.007  turnover 0.96  net SR@50bps 0.92
fitting beta network on SDF factor ...
   beta net seed 0: best valid MSE 0.0113
   beta net seed 1: best valid MSE 0.0113
   beta net seed 2: best valid MSE 0.0113
   beta net seed 3: best valid MSE 0.0113
   beta net seed 4: best valid MSE 0.0113
   beta net seed 5: best valid MSE 0.0113
   beta net seed 6: best valid MSE 0.0113
   beta net seed 7: best valid MSE 0.0113
   beta net seed 8: best valid MSE 0.0113
train  beta-net  EV 0.206  XS-R2 -0.024  weighted XS-R2 0.132  decile spread 5.17%/mo
valid  beta-net  EV 0.098  XS-R2 0.040  weighted XS-R2 0.013  decile spread 4.37%/mo
test   beta-net  EV 0.084  XS-R2 0.045  weighted XS-R2 0.228  decile spread 3.38%/mo

results written to output/gan/results.json
