Stage 1: unconditional loss
[UNC] ep    0/256  loss tr/va/te 1.777e-02/2.308e-02/1.140e-02  SR(monthly) tr/va/te 0.245/0.253/0.252        1s
[UNC] ep  128/256  loss tr/va/te 6.687e-03/1.941e-02/8.390e-03  SR(monthly) tr/va/te 0.202/0.168/0.110       19s
[UNC] ep  255/256  loss tr/va/te 4.049e-03/1.123e-02/5.023e-03  SR(monthly) tr/va/te 0.365/0.236/0.218       36s
Stage 2: updating moment conditions (adversary)
   adversary conditional loss 9.867e-03  (unconditional was 1.047e-02)
Stage 3: conditional (GAN) loss
[GAN] ep    0/1024  loss tr/va/te 1.249e-01/2.528e-01/1.163e-01  SR(monthly) tr/va/te -0.018/-0.099/0.009        0s
[GAN] ep  128/1024  loss tr/va/te 3.107e-03/1.008e-02/3.972e-03  SR(monthly) tr/va/te 0.579/0.404/0.401       24s
[GAN] ep  256/1024  loss tr/va/te 2.654e-03/1.113e-02/3.708e-03  SR(monthly) tr/va/te 0.743/0.468/0.585       48s
[GAN] ep  384/1024  loss tr/va/te 1.927e-03/1.210e-02/4.363e-03  SR(monthly) tr/va/te 0.968/0.553/0.590       72s
[GAN] ep  512/1024  loss tr/va/te 1.740e-03/1.244e-02/5.257e-03  SR(monthly) tr/va/te 0.993/0.500/0.497       96s
[GAN] ep  640/1024  loss tr/va/te 1.523e-03/1.254e-02/5.403e-03  SR(monthly) tr/va/te 1.053/0.450/0.494      120s
[GAN] ep  768/1024  loss tr/va/te 1.469e-03/1.324e-02/6.311e-03  SR(monthly) tr/va/te 1.064/0.442/0.455      144s
[GAN] ep  896/1024  loss tr/va/te 1.022e-03/1.305e-02/5.158e-03  SR(monthly) tr/va/te 1.259/0.453/0.512      168s
[GAN] ep 1023/1024  loss tr/va/te 8.298e-04/1.250e-02/5.812e-03  SR(monthly) tr/va/te 1.378/0.422/0.440      192s
best-valid-Sharpe epoch 460: SR(monthly) tr/va/te = 1.015/0.572/0.611
seed 0: 238s
Stage 1: unconditional loss
[UNC] ep    0/256  loss tr/va/te 1.010e-01/2.113e-01/8.884e-02  SR(monthly) tr/va/te 0.122/0.092/0.129        0s
[UNC] ep  128/256  loss tr/va/te 3.848e-03/1.063e-02/4.674e-03  SR(monthly) tr/va/te 0.458/0.303/0.327       18s
[UNC] ep  255/256  loss tr/va/te 5.449e-03/1.088e-02/5.347e-03  SR(monthly) tr/va/te 0.372/0.389/0.338       36s
Stage 2: updating moment conditions (adversary)
   adversary conditional loss 5.338e-03  (unconditional was 9.614e-03)
Stage 3: conditional (GAN) loss
[GAN] ep    0/1024  loss tr/va/te 3.361e-02/8.772e-02/3.677e-02  SR(monthly) tr/va/te 0.151/0.186/0.086        0s
[GAN] ep  128/1024  loss tr/va/te 3.574e-03/9.866e-03/4.373e-03  SR(monthly) tr/va/te 0.552/0.469/0.409       24s
[GAN] ep  256/1024  loss tr/va/te 2.414e-03/1.055e-02/4.343e-03  SR(monthly) tr/va/te 0.782/0.467/0.411       48s
[GAN] ep  384/1024  loss tr/va/te 2.291e-03/1.119e-02/4.620e-03  SR(monthly) tr/va/te 0.803/0.436/0.364       74s
[GAN] ep  512/1024  loss tr/va/te 1.531e-03/1.054e-02/4.180e-03  SR(monthly) tr/va/te 1.024/0.450/0.389      102s
[GAN] ep  640/1024  loss tr/va/te 1.225e-03/1.017e-02/4.359e-03  SR(monthly) tr/va/te 1.122/0.459/0.376      129s
[GAN] ep  768/1024  loss tr/va/te 1.183e-03/9.655e-03/4.365e-03  SR(monthly) tr/va/te 1.149/0.505/0.412      154s
[GAN] ep  896/1024  loss tr/va/te 9.525e-04/9.667e-03/4.477e-03  SR(monthly) tr/va/te 1.225/0.510/0.360      175s
[GAN] ep 1023/1024  loss tr/va/te 9.303e-04/1.019e-02/4.774e-03  SR(monthly) tr/va/te 1.273/0.516/0.339      195s
best-valid-Sharpe epoch 1017: SR(monthly) tr/va/te = 1.341/0.582/0.394
seed 1: 240s
Stage 1: unconditional loss
[UNC] ep    0/256  loss tr/va/te 1.983e-01/4.351e-01/1.795e-01  SR(monthly) tr/va/te -0.015/-0.092/0.021        0s
[UNC] ep  128/256  loss tr/va/te 3.347e-03/1.024e-02/4.256e-03  SR(monthly) tr/va/te 0.591/0.432/0.454       15s
[UNC] ep  255/256  loss tr/va/te 3.537e-03/1.250e-02/4.678e-03  SR(monthly) tr/va/te 0.586/0.425/0.412       31s
Stage 2: updating moment conditions (adversary)
   adversary conditional loss 1.076e-02  (unconditional was 8.706e-03)
Stage 3: conditional (GAN) loss
[GAN] ep    0/1024  loss tr/va/te 1.132e-01/2.361e-01/1.142e-01  SR(monthly) tr/va/te 0.106/0.163/0.064        0s
[GAN] ep  128/1024  loss tr/va/te 3.051e-03/9.121e-03/3.596e-03  SR(monthly) tr/va/te 0.669/0.495/0.561       22s
[GAN] ep  256/1024  loss tr/va/te 2.971e-03/9.264e-03/3.823e-03  SR(monthly) tr/va/te 0.693/0.500/0.482       45s
[GAN] ep  384/1024  loss tr/va/te 2.811e-03/9.612e-03/3.857e-03  SR(monthly) tr/va/te 0.722/0.491/0.455       68s
[GAN] ep  512/1024  loss tr/va/te 2.382e-03/9.706e-03/3.829e-03  SR(monthly) tr/va/te 0.816/0.512/0.466       86s
[GAN] ep  640/1024  loss tr/va/te 2.087e-03/1.030e-02/4.130e-03  SR(monthly) tr/va/te 0.878/0.449/0.403      105s
[GAN] ep  768/1024  loss tr/va/te 2.079e-03/1.139e-02/4.753e-03  SR(monthly) tr/va/te 0.790/0.386/0.313      124s
[GAN] ep  896/1024  loss tr/va/te 1.768e-03/1.172e-02/4.597e-03  SR(monthly) tr/va/te 0.919/0.403/0.341      143s
[GAN] ep 1023/1024  loss tr/va/te 1.352e-03/1.189e-02/4.367e-03  SR(monthly) tr/va/te 1.095/0.404/0.396      162s
best-valid-Sharpe epoch 72: SR(monthly) tr/va/te = 0.593/0.543/0.541
seed 2: 200s

=== Table II replication, setup 2 (3 GAN seeds, data seed 0) ===
model                    SR tr   SR va   SR te   EV tr   EV va   EV te   XS tr   XS va   XS te
Population                0.97    0.93    0.97    0.17    0.15    0.17    0.18    0.11    0.20
  paper                   0.89    0.92    0.86    0.18    0.18    0.17    0.19    0.20    0.15
GAN                       1.09    0.66    0.60    0.01    0.01    0.01    0.01    0.01    0.00
  paper                   0.79    0.77    0.64    0.18    0.18    0.17    0.19    0.20    0.15
GAN (w as loading)        1.09    0.66    0.60    0.02    0.01    0.02   -0.03    0.03   -0.03
FFN                       0.06    0.11    0.02    0.17    0.14    0.16    0.17    0.10    0.20
  paper                   0.05   -0.05    0.06    0.02    0.01    0.02    0.01    0.01    0.02
LS                        0.06    0.11    0.02    0.17    0.15    0.17    0.18    0.11    0.20
  paper                   0.12   -0.05    0.10    0.16    0.16    0.15    0.15    0.18    0.14
|corr(LSTM state, true h)| by unit: [0.45 0.55 0.64 0.51]
